Archive member included because of file (symbol)

c:/program files (x86)/atmel/atmel toolchain/arm gcc/native/4.8.1443/arm-gnu-toolchain/bin/../lib/gcc/arm-none-eabi/4.8.4/armv6-m\libgcc.a(_udivsi3.o)
                              src/ASF/sam0/drivers/sercom/i2c/i2c_samd20/i2c_master.o (__aeabi_uidiv)
c:/program files (x86)/atmel/atmel toolchain/arm gcc/native/4.8.1443/arm-gnu-toolchain/bin/../lib/gcc/arm-none-eabi/4.8.4/armv6-m\libgcc.a(_dvmd_tls.o)
                              c:/program files (x86)/atmel/atmel toolchain/arm gcc/native/4.8.1443/arm-gnu-toolchain/bin/../lib/gcc/arm-none-eabi/4.8.4/armv6-m\libgcc.a(_udivsi3.o) (__aeabi_idiv0)
c:/program files (x86)/atmel/atmel toolchain/arm gcc/native/4.8.1443/arm-gnu-toolchain/bin/../lib/gcc/arm-none-eabi/4.8.4/armv6-m\libgcc.a(_muldi3.o)
                              src/ASF/sam0/drivers/sercom/sercom.o (__aeabi_lmul)
c:/program files (x86)/atmel/atmel toolchain/arm gcc/native/4.8.1443/arm-gnu-toolchain/bin/../lib/gcc/arm-none-eabi/4.8.4/../../../../arm-none-eabi/lib/armv6-m\libc_s.a(lib_a-exit.o)
                              c:/program files (x86)/atmel/atmel toolchain/arm gcc/native/4.8.1443/arm-gnu-toolchain/bin/../lib/gcc/arm-none-eabi/4.8.4/../../../../arm-none-eabi/lib/armv6-m/crt0.o (exit)
c:/program files (x86)/atmel/atmel toolchain/arm gcc/native/4.8.1443/arm-gnu-toolchain/bin/../lib/gcc/arm-none-eabi/4.8.4/../../../../arm-none-eabi/lib/armv6-m\libc_s.a(lib_a-impure.o)
                              c:/program files (x86)/atmel/atmel toolchain/arm gcc/native/4.8.1443/arm-gnu-toolchain/bin/../lib/gcc/arm-none-eabi/4.8.4/../../../../arm-none-eabi/lib/armv6-m\libc_s.a(lib_a-exit.o) (_global_impure_ptr)
c:/program files (x86)/atmel/atmel toolchain/arm gcc/native/4.8.1443/arm-gnu-toolchain/bin/../lib/gcc/arm-none-eabi/4.8.4/../../../../arm-none-eabi/lib/armv6-m\libc_s.a(lib_a-init.o)
                              c:/program files (x86)/atmel/atmel toolchain/arm gcc/native/4.8.1443/arm-gnu-toolchain/bin/../lib/gcc/arm-none-eabi/4.8.4/../../../../arm-none-eabi/lib/armv6-m/crt0.o (__libc_init_array)
c:/program files (x86)/atmel/atmel toolchain/arm gcc/native/4.8.1443/arm-gnu-toolchain/bin/../lib/gcc/arm-none-eabi/4.8.4/../../../../arm-none-eabi/lib/armv6-m\libc_s.a(lib_a-memset.o)
                              c:/program files (x86)/atmel/atmel toolchain/arm gcc/native/4.8.1443/arm-gnu-toolchain/bin/../lib/gcc/arm-none-eabi/4.8.4/../../../../arm-none-eabi/lib/armv6-m/crt0.o (memset)
c:/program files (x86)/atmel/atmel toolchain/arm gcc/native/4.8.1443/arm-gnu-toolchain/bin/../lib/gcc/arm-none-eabi/4.8.4/../../../../arm-none-eabi/lib/armv6-m\libc_s.a(lib_a-printf.o)
                              src/ASF/sam0/utils/syscalls/gcc/syscalls.o (printf)
c:/program files (x86)/atmel/atmel toolchain/arm gcc/native/4.8.1443/arm-gnu-toolchain/bin/../lib/gcc/arm-none-eabi/4.8.4/../../../../arm-none-eabi/lib/armv6-m\libc_s.a(lib_a-vfprintf.o)
                              c:/program files (x86)/atmel/atmel toolchain/arm gcc/native/4.8.1443/arm-gnu-toolchain/bin/../lib/gcc/arm-none-eabi/4.8.4/../../../../arm-none-eabi/lib/armv6-m\libc_s.a(lib_a-printf.o) (_vfprintf_r)
c:/program files (x86)/atmel/atmel toolchain/arm gcc/native/4.8.1443/arm-gnu-toolchain/bin/../lib/gcc/arm-none-eabi/4.8.4/../../../../arm-none-eabi/lib/armv6-m\libc_s.a(lib_a-vfprintf_i.o)
                              c:/program files (x86)/atmel/atmel toolchain/arm gcc/native/4.8.1443/arm-gnu-toolchain/bin/../lib/gcc/arm-none-eabi/4.8.4/../../../../arm-none-eabi/lib/armv6-m\libc_s.a(lib_a-vfprintf.o) (_printf_i)
c:/program files (x86)/atmel/atmel toolchain/arm gcc/native/4.8.1443/arm-gnu-toolchain/bin/../lib/gcc/arm-none-eabi/4.8.4/../../../../arm-none-eabi/lib/armv6-m\libc_s.a(lib_a-wbuf.o)
                              c:/program files (x86)/atmel/atmel toolchain/arm gcc/native/4.8.1443/arm-gnu-toolchain/bin/../lib/gcc/arm-none-eabi/4.8.4/../../../../arm-none-eabi/lib/armv6-m\libc_s.a(lib_a-vfprintf.o) (__swbuf_r)
c:/program files (x86)/atmel/atmel toolchain/arm gcc/native/4.8.1443/arm-gnu-toolchain/bin/../lib/gcc/arm-none-eabi/4.8.4/../../../../arm-none-eabi/lib/armv6-m\libc_s.a(lib_a-wsetup.o)
                              c:/program files (x86)/atmel/atmel toolchain/arm gcc/native/4.8.1443/arm-gnu-toolchain/bin/../lib/gcc/arm-none-eabi/4.8.4/../../../../arm-none-eabi/lib/armv6-m\libc_s.a(lib_a-vfprintf.o) (__swsetup_r)
c:/program files (x86)/atmel/atmel toolchain/arm gcc/native/4.8.1443/arm-gnu-toolchain/bin/../lib/gcc/arm-none-eabi/4.8.4/../../../../arm-none-eabi/lib/armv6-m\libc_s.a(lib_a-fflush.o)
                              c:/program files (x86)/atmel/atmel toolchain/arm gcc/native/4.8.1443/arm-gnu-toolchain/bin/../lib/gcc/arm-none-eabi/4.8.4/../../../../arm-none-eabi/lib/armv6-m\libc_s.a(lib_a-wbuf.o) (_fflush_r)
[...]
Memory Configuration

Name             Origin             Length             Attributes
rom              0x00000000         0x00004000         xr
ram              0x20000000         0x00000800         xrw
*default*        0x00000000         0xffffffff

Linker script and memory map

LOAD c:/program files (x86)/atmel/atmel toolchain/arm gcc/native/4.8.1443/arm-gnu-toolchain/bin/../lib/gcc/arm-none-eabi/4.8.4/armv6-m/crti.o
LOAD c:/program files (x86)/atmel/atmel toolchain/arm gcc/native/4.8.1443/arm-gnu-toolchain/bin/../lib/gcc/arm-none-eabi/4.8.4/armv6-m/crtbegin.o
LOAD c:/program files (x86)/atmel/atmel toolchain/arm gcc/native/4.8.1443/arm-gnu-toolchain/bin/../lib/gcc/arm-none-eabi/4.8.4/../../../../arm-none-eabi/lib/armv6-m/crt0.o
LOAD src/ASF/sam0/drivers/sercom/i2c/i2c_samd20/i2c_master.o
LOAD src/ASF/sam0/drivers/sercom/sercom.o
LOAD src/CharLCD.o
LOAD src/Delay.o
LOAD src/EEProm.o
LOAD src/S_GCLOCK.o
LOAD src/MatrixKeypad.o
LOAD src/S_PORT.o
LOAD src/S_SPI.o
LOAD src/S_TIMER.o
LOAD src/ASF/common2/boards/user_board/init.o
LOAD src/ASF/common/utils/interrupt/interrupt_sam_nvic.o
LOAD src/ASF/sam0/drivers/system/clock/clock_samd20/clock.o
LOAD src/ASF/sam0/drivers/system/clock/clock_samd20/gclk.o
LOAD src/ASF/sam0/drivers/system/interrupt/system_interrupt.o
LOAD src/ASF/sam0/drivers/system/pinmux/pinmux.o
LOAD src/ASF/sam0/drivers/system/system.o
LOAD src/ASF/sam0/utils/cmsis/samd20/source/gcc/startup_samd20.o
LOAD src/ASF/sam0/utils/cmsis/samd20/source/system_samd20.o
LOAD src/ASF/sam0/utils/syscalls/gcc/syscalls.o
LOAD src/main.o
START GROUP
LOAD ../src/ASF/thirdparty/CMSIS/Lib/GCC\libarm_cortexM0l_math.a
LOAD c:/program files (x86)/atmel/atmel toolchain/arm gcc/native/4.8.1443/arm-gnu-toolchain/bin/../lib/gcc/arm-none-eabi/4.8.4/../../../../arm-none-eabi/lib/armv6-m\libm.a
END GROUP
START GROUP
LOAD c:/program files (x86)/atmel/atmel toolchain/arm gcc/native/4.8.1443/arm-gnu-toolchain/bin/../lib/gcc/arm-none-eabi/4.8.4/armv6-m\libgcc.a
LOAD c:/program files (x86)/atmel/atmel toolchain/arm gcc/native/4.8.1443/arm-gnu-toolchain/bin/../lib/gcc/arm-none-eabi/4.8.4/../../../../arm-none-eabi/lib/armv6-m\libc_s.a
END GROUP
START GROUP
LOAD c:/program files (x86)/atmel/atmel toolchain/arm gcc/native/4.8.1443/arm-gnu-toolchain/bin/../lib/gcc/arm-none-eabi/4.8.4/armv6-m\libgcc.a
LOAD c:/program files (x86)/atmel/atmel toolchain/arm gcc/native/4.8.1443/arm-gnu-toolchain/bin/../lib/gcc/arm-none-eabi/4.8.4/../../../../arm-none-eabi/lib/armv6-m\libc_s.a
END GROUP
LOAD c:/program files (x86)/atmel/atmel toolchain/arm gcc/native/4.8.1443/arm-gnu-toolchain/bin/../lib/gcc/arm-none-eabi/4.8.4/armv6-m/crtend.o
LOAD c:/program files (x86)/atmel/atmel toolchain/arm gcc/native/4.8.1443/arm-gnu-toolchain/bin/../lib/gcc/arm-none-eabi/4.8.4/armv6-m/crtn.o
                0x00000200                STACK_SIZE = DEFINED (STACK_SIZE)?STACK_SIZE:DEFINED (__stack_size__)?__stack_size__:0x200

.text           0x00000000      0x98c
                0x00000000                . = ALIGN (0x4)
                0x00000000                _sfixed = .
 *(.vectors .vectors.*)
 .vectors       0x00000000       0xa4 src/ASF/sam0/utils/cmsis/samd20/source/gcc/startup_samd20.o
                0x00000000                exception_table
 *(.text .text.* .gnu.linkonce.t.*)
 .text          0x000000a4       0x60 c:/program files (x86)/atmel/atmel toolchain/arm gcc/native/4.8.1443/arm-gnu-toolchain/bin/../lib/gcc/arm-none-eabi/4.8.4/armv6-m/crtbegin.o
 .text.delay_1ms
                0x00000104       0x10 src/Delay.o
                0x00000104                delay_1ms
 .text.delay_ms
                0x00000114       0x18 src/Delay.o
                0x00000114                delay_ms
 .text.delay_sec
                0x0000012c       0x20 src/Delay.o
                0x0000012c                delay_sec
 .text.pinMode  0x0000014c      0x104 src/S_PORT.o
                0x0000014c                pinMode
 .text.system_board_init
                0x00000250        0x4 src/ASF/common2/boards/user_board/init.o
                0x00000250                board_init
                0x00000250                system_board_init
 .text.cpu_irq_enter_critical
                0x00000254       0x40 src/ASF/common/utils/interrupt/interrupt_sam_nvic.o
                0x00000254                cpu_irq_enter_critical
 .text.cpu_irq_leave_critical
                0x00000294       0x30 src/ASF/common/utils/interrupt/interrupt_sam_nvic.o
                0x00000294                cpu_irq_leave_critical
 .text.system_clock_source_osc8m_set_config
                0x000002c4       0x3c src/ASF/sam0/drivers/system/clock/clock_samd20/clock.o
                0x000002c4                system_clock_source_osc8m_set_config
 .text.system_clock_source_xosc32k_set_config
                0x00000300       0xb4 src/ASF/sam0/drivers/system/clock/clock_samd20/clock.o
                0x00000300                system_clock_source_xosc32k_set_config
 .text.system_clock_source_dfll_set_config
                0x000003b4       0xa4 src/ASF/sam0/drivers/system/clock/clock_samd20/clock.o
                0x000003b4                system_clock_source_dfll_set_config
 .text.system_clock_source_enable
                0x00000458       0x90 src/ASF/sam0/drivers/system/clock/clock_samd20/clock.o
                0x00000458                system_clock_source_enable
 .text.system_clock_init
                0x000004e8      0x144 src/ASF/sam0/drivers/system/clock/clock_samd20/clock.o
                0x000004e8                system_clock_init
 .text.system_gclk_init
                0x0000062c       0x24 src/ASF/sam0/drivers/system/clock/clock_samd20/gclk.o
                0x0000062c                system_gclk_init
 .text.system_gclk_gen_set_config
                0x00000650       0xb4 src/ASF/sam0/drivers/system/clock/clock_samd20/gclk.o
                0x00000650                system_gclk_gen_set_config
 .text.system_gclk_gen_enable
                0x00000704       0x44 src/ASF/sam0/drivers/system/clock/clock_samd20/gclk.o
                0x00000704                system_gclk_gen_enable
 .text.system_gclk_chan_enable
                0x00000748       0x30 src/ASF/sam0/drivers/system/clock/clock_samd20/gclk.o
                0x00000748                system_gclk_chan_enable
 .text.system_gclk_chan_disable
                0x00000778       0x5c src/ASF/sam0/drivers/system/clock/clock_samd20/gclk.o
                0x00000778                system_gclk_chan_disable
 .text.system_gclk_chan_set_config
                0x000007d4       0x1c src/ASF/sam0/drivers/system/clock/clock_samd20/gclk.o
                0x000007d4                system_gclk_chan_set_config
 .text._system_dummy_init
                0x000007f0        0x4 src/ASF/sam0/drivers/system/system.o
                0x000007f0                _system_events_init
                0x000007f0                _system_dummy_init
                0x000007f0                _system_extint_init
 .text.system_init
                0x000007f4       0x24 src/ASF/sam0/drivers/system/system.o
                0x000007f4                system_init
 .text.Dummy_Handler
                0x00000818        0x4 src/ASF/sam0/utils/cmsis/samd20/source/gcc/startup_samd20.o
                0x00000818                HardFault_Handler
                0x00000818                TC2_Handler
                0x00000818                AC_Handler
                0x00000818                SysTick_Handler
                0x00000818                PendSV_Handler
                0x00000818                NMI_Handler
                0x00000818                TC7_Handler
                0x00000818                SERCOM1_Handler
                0x00000818                ADC_Handler
                0x00000818                SERCOM2_Handler
                0x00000818                RTC_Handler
                0x00000818                EIC_Handler
                0x00000818                TC6_Handler
                0x00000818                WDT_Handler
                0x00000818                TC4_Handler
                0x00000818                TC1_Handler
                0x00000818                TC3_Handler
                0x00000818                Dummy_Handler
                0x00000818                PM_Handler
                0x00000818                SERCOM5_Handler
                0x00000818                SVC_Handler
                0x00000818                EVSYS_Handler
                0x00000818                SERCOM3_Handler
                0x00000818                SERCOM4_Handler
                0x00000818                NVMCTRL_Handler
                0x00000818                SERCOM0_Handler
                0x00000818                DAC_Handler
                0x00000818                PTC_Handler
                0x00000818                TC0_Handler
                0x00000818                TC5_Handler
                0x00000818                SYSCTRL_Handler
 .text.Reset_Handler
                0x0000081c       0x90 src/ASF/sam0/utils/cmsis/samd20/source/gcc/startup_samd20.o
                0x0000081c                Reset_Handler
 *fill*         0x000008ac        0x4 
 .text.main     0x000008b0       0x50 src/main.o
                0x000008b0                main
 .text.__libc_init_array
                0x00000900       0x4c c:/program files (x86)/atmel/atmel toolchain/arm gcc/native/4.8.1443/arm-gnu-toolchain/bin/../lib/gcc/arm-none-eabi/4.8.4/../../../../arm-none-eabi/lib/armv6-m\libc_s.a(lib_a-init.o)
                0x00000900                __libc_init_array
 *(.glue_7t)
 .glue_7t       0x00000000        0x0 linker stubs
 *(.glue_7)
 .glue_7        0x00000000        0x0 linker stubs
 *(.rodata .rodata* .gnu.linkonce.r.*)
 .rodata.system_clock_source_enable
                0x0000094c       0x20 src/ASF/sam0/drivers/system/clock/clock_samd20/clock.o
 *(.ARM.extab* .gnu.linkonce.armextab.*)
                0x0000096c                . = ALIGN (0x4)
 *(.init)
 .init          0x0000096c        0x4 c:/program files (x86)/atmel/atmel toolchain/arm gcc/native/4.8.1443/arm-gnu-toolchain/bin/../lib/gcc/arm-none-eabi/4.8.4/armv6-m/crti.o
                0x0000096c                _init
 .init          0x00000970        0x8 c:/program files (x86)/atmel/atmel toolchain/arm gcc/native/4.8.1443/arm-gnu-toolchain/bin/../lib/gcc/arm-none-eabi/4.8.4/armv6-m/crtn.o
                0x00000978                . = ALIGN (0x4)
                0x00000978                __preinit_array_start = .
 *(.preinit_array)
                0x00000978                __preinit_array_end = .
                0x00000978                . = ALIGN (0x4)
                0x00000978                __init_array_start = .
 *(SORT(.init_array.*))
 *(.init_array)
 .init_array    0x00000978        0x4 c:/program files (x86)/atmel/atmel toolchain/arm gcc/native/4.8.1443/arm-gnu-toolchain/bin/../lib/gcc/arm-none-eabi/4.8.4/armv6-m/crtbegin.o
                0x0000097c                __init_array_end = .
                0x0000097c                . = ALIGN (0x4)
 *crtbegin.o(.ctors)
 *(EXCLUDE_FILE(*crtend.o) .ctors)
 *(SORT(.ctors.*))
 *crtend.o(.ctors)
                0x0000097c                . = ALIGN (0x4)
 *(.fini)
 .fini          0x0000097c        0x4 c:/program files (x86)/atmel/atmel toolchain/arm gcc/native/4.8.1443/arm-gnu-toolchain/bin/../lib/gcc/arm-none-eabi/4.8.4/armv6-m/crti.o
                0x0000097c                _fini
 .fini          0x00000980        0x8 c:/program files (x86)/atmel/atmel toolchain/arm gcc/native/4.8.1443/arm-gnu-toolchain/bin/../lib/gcc/arm-none-eabi/4.8.4/armv6-m/crtn.o
                0x00000988                . = ALIGN (0x4)
                0x00000988                __fini_array_start = .
 *(.fini_array)
 .fini_array    0x00000988        0x4 c:/program files (x86)/atmel/atmel toolchain/arm gcc/native/4.8.1443/arm-gnu-toolchain/bin/../lib/gcc/arm-none-eabi/4.8.4/armv6-m/crtbegin.o
 *(SORT(.fini_array.*))
                0x0000098c                __fini_array_end = .
 *crtbegin.o(.dtors)
 *(EXCLUDE_FILE(*crtend.o) .dtors)
 *(SORT(.dtors.*))
 *crtend.o(.dtors)
                0x0000098c                . = ALIGN (0x4)
                0x0000098c                _efixed = .
                0x0000098c                PROVIDE (__exidx_start, .)

.vfp11_veneer   0x0000098c        0x0
 .vfp11_veneer  0x00000000        0x0 linker stubs

.v4_bx          0x0000098c        0x0
 .v4_bx         0x00000000        0x0 linker stubs

.iplt           0x0000098c        0x0
 .iplt          0x00000000        0x0 c:/program files (x86)/atmel/atmel toolchain/arm gcc/native/4.8.1443/arm-gnu-toolchain/bin/../lib/gcc/arm-none-eabi/4.8.4/armv6-m/crtbegin.o

.eh_frame       0x0000098c        0x0
 .eh_frame      0x0000098c        0x0 c:/program files (x86)/atmel/atmel toolchain/arm gcc/native/4.8.1443/arm-gnu-toolchain/bin/../lib/gcc/arm-none-eabi/4.8.4/armv6-m/crtbegin.o

.rel.dyn        0x0000098c        0x0
 .rel.iplt      0x00000000        0x0 c:/program files (x86)/atmel/atmel toolchain/arm gcc/native/4.8.1443/arm-gnu-toolchain/bin/../lib/gcc/arm-none-eabi/4.8.4/armv6-m/crtbegin.o

.jcr            0x0000098c        0x0
 .jcr           0x0000098c        0x0 c:/program files (x86)/atmel/atmel toolchain/arm gcc/native/4.8.1443/arm-gnu-toolchain/bin/../lib/gcc/arm-none-eabi/4.8.4/armv6-m/crtbegin.o

.igot.plt       0x0000098c        0x0
 .igot.plt      0x00000000        0x0 c:/program files (x86)/atmel/atmel toolchain/arm gcc/native/4.8.1443/arm-gnu-toolchain/bin/../lib/gcc/arm-none-eabi/4.8.4/armv6-m/crtbegin.o

.ARM.exidx
 *(.ARM.exidx* .gnu.linkonce.armexidx.*)
                0x0000098c                PROVIDE (__exidx_end, .)
                0x0000098c                . = ALIGN (0x4)
                0x0000098c                _etext = .

.relocate       0x20000000        0x4 load address 0x0000098c
                0x20000000                . = ALIGN (0x4)
                0x20000000                _srelocate = .
 *(.ramfunc .ramfunc.*)
 *(.data .data.*)
 .data.g_interrupt_enabled
                0x20000000        0x1 src/ASF/common/utils/interrupt/interrupt_sam_nvic.o
                0x20000000                g_interrupt_enabled
                0x20000004                . = ALIGN (0x4)
 *fill*         0x20000001        0x3 
                0x20000004                _erelocate = .

.bss            0x20000004       0x38 load address 0x00000990
                0x20000004                . = ALIGN (0x4)
                0x20000004                _sbss = .
                0x20000004                _szero = .
 *(.bss .bss.*)
 .bss           0x20000004       0x1c c:/program files (x86)/atmel/atmel toolchain/arm gcc/native/4.8.1443/arm-gnu-toolchain/bin/../lib/gcc/arm-none-eabi/4.8.4/armv6-m/crtbegin.o
 .bss.cpu_irq_critical_section_counter
                0x20000020        0x4 src/ASF/common/utils/interrupt/interrupt_sam_nvic.o
 .bss.cpu_irq_prev_interrupt_state
                0x20000024        0x1 src/ASF/common/utils/interrupt/interrupt_sam_nvic.o
 *fill*         0x20000025        0x3 
 .bss._system_clock_inst
                0x20000028       0x14 src/ASF/sam0/drivers/system/clock/clock_samd20/clock.o
 *(COMMON)
                0x2000003c                . = ALIGN (0x4)
                0x2000003c                _ebss = .
                0x2000003c                _ezero = .

.stack          0x2000003c      0x204 load address 0x000009c8
                0x20000040                . = ALIGN (0x8)
 *fill*         0x2000003c        0x4 
                0x20000040                _sstack = .
                0x20000240                . = (. + STACK_SIZE)
 *fill*         0x20000040      0x200 
                0x20000240                . = ALIGN (0x8)
                0x20000240                _estack = .
                0x20000240                . = ALIGN (0x4)
                0x20000240                _end = .
OUTPUT(SMK20(SAMD).elf elf32-littlearm)

.ARM.attributes
                0x00000000       0x28
 .ARM.attributes
                0x00000000       0x1e c:/program files (x86)/atmel/atmel toolchain/arm gcc/native/4.8.1443/arm-gnu-toolchain/bin/../lib/gcc/arm-none-eabi/4.8.4/armv6-m/crti.o
 .ARM.attributes
                0x0000001e       0x2c c:/program files (x86)/atmel/atmel toolchain/arm gcc/native/4.8.1443/arm-gnu-toolchain/bin/../lib/gcc/arm-none-eabi/4.8.4/armv6-m/crtbegin.o
 .ARM.attributes
                0x0000004a       0x32 src/Delay.o
 .ARM.attributes
                0x0000007c       0x32 src/S_PORT.o
 .ARM.attributes
                0x000000ae       0x32 src/ASF/common2/boards/user_board/init.o
 .ARM.attributes
                0x000000e0       0x32 src/ASF/common/utils/interrupt/interrupt_sam_nvic.o
 .ARM.attributes
                0x00000112       0x32 src/ASF/sam0/drivers/system/clock/clock_samd20/clock.o
 .ARM.attributes
                0x00000144       0x32 src/ASF/sam0/drivers/system/clock/clock_samd20/gclk.o
 .ARM.attributes
                0x00000176       0x32 src/ASF/sam0/drivers/system/system.o
 .ARM.attributes
                0x000001a8       0x32 src/ASF/sam0/utils/cmsis/samd20/source/gcc/startup_samd20.o
 .ARM.attributes
                0x000001da       0x32 src/main.o
 .ARM.attributes
                0x0000020c       0x2c c:/program files (x86)/atmel/atmel toolchain/arm gcc/native/4.8.1443/arm-gnu-toolchain/bin/../lib/gcc/arm-none-eabi/4.8.4/../../../../arm-none-eabi/lib/armv6-m\libc_s.a(lib_a-init.o)
 .ARM.attributes
                0x00000238       0x1e c:/program files (x86)/atmel/atmel toolchain/arm gcc/native/4.8.1443/arm-gnu-toolchain/bin/../lib/gcc/arm-none-eabi/4.8.4/armv6-m/crtn.o

.comment        0x00000000       0x5b
 .comment       0x00000000       0x5b src/Delay.o
                                 0x5c (size before relaxing)
 .comment       0x00000000       0x5c src/S_PORT.o
 .comment       0x00000000       0x5c src/ASF/common2/boards/user_board/init.o
 .comment       0x00000000       0x5c src/ASF/common/utils/interrupt/interrupt_sam_nvic.o
 .comment       0x00000000       0x5c src/ASF/sam0/drivers/system/clock/clock_samd20/clock.o
 .comment       0x00000000       0x5c src/ASF/sam0/drivers/system/clock/clock_samd20/gclk.o
 .comment       0x00000000       0x5c src/ASF/sam0/drivers/system/system.o
 .comment       0x00000000       0x5c src/ASF/sam0/utils/cmsis/samd20/source/gcc/startup_samd20.o
 .comment       0x00000000       0x5c src/main.o

.debug_info     0x00000000     0x6fa6
 .debug_info    0x00000000      0x229 src/Delay.o
 .debug_info    0x00000229      0x1fe src/S_PORT.o
 .debug_info    0x00000427      0x128 src/ASF/common2/boards/user_board/init.o
 .debug_info    0x0000054f      0x1ec src/ASF/common/utils/interrupt/interrupt_sam_nvic.o
 .debug_info    0x0000073b     0x34a8 src/ASF/sam0/drivers/system/clock/clock_samd20/clock.o
 .debug_info    0x00003be3     0x1456 src/ASF/sam0/drivers/system/clock/clock_samd20/gclk.o
 .debug_info    0x00005039      0x16f src/ASF/sam0/drivers/system/system.o
 .debug_info    0x000051a8      0x483 src/ASF/sam0/utils/cmsis/samd20/source/gcc/startup_samd20.o
 .debug_info    0x0000562b     0x197b src/main.o

.debug_abbrev   0x00000000      0xef8
 .debug_abbrev  0x00000000      0x149 src/Delay.o
 .debug_abbrev  0x00000149       0xf8 src/S_PORT.o
 .debug_abbrev  0x00000241       0x93 src/ASF/common2/boards/user_board/init.o
 .debug_abbrev  0x000002d4       0xf6 src/ASF/common/utils/interrupt/interrupt_sam_nvic.o
 .debug_abbrev  0x000003ca      0x43b src/ASF/sam0/drivers/system/clock/clock_samd20/clock.o
 .debug_abbrev  0x00000805      0x327 src/ASF/sam0/drivers/system/clock/clock_samd20/gclk.o
 .debug_abbrev  0x00000b2c       0xb9 src/ASF/sam0/drivers/system/system.o
 .debug_abbrev  0x00000be5      0x12e src/ASF/sam0/utils/cmsis/samd20/source/gcc/startup_samd20.o
 .debug_abbrev  0x00000d13      0x1e5 src/main.o

.debug_loc      0x00000000     0x1910
 .debug_loc     0x00000000      0x11a src/Delay.o
 .debug_loc     0x0000011a      0x264 src/S_PORT.o
 .debug_loc     0x0000037e       0x1e src/ASF/common/utils/interrupt/interrupt_sam_nvic.o
 .debug_loc     0x0000039c      0xfa4 src/ASF/sam0/drivers/system/clock/clock_samd20/clock.o
 .debug_loc     0x00001340      0x508 src/ASF/sam0/drivers/system/clock/clock_samd20/gclk.o
 .debug_loc     0x00001848       0x20 src/ASF/sam0/drivers/system/system.o
 .debug_loc     0x00001868       0x7c src/ASF/sam0/utils/cmsis/samd20/source/gcc/startup_samd20.o
 .debug_loc     0x000018e4       0x2c src/main.o

.debug_aranges  0x00000000      0x220
 .debug_aranges
                0x00000000       0x40 src/Delay.o
 .debug_aranges
                0x00000040       0x38 src/S_PORT.o
 .debug_aranges
                0x00000078       0x20 src/ASF/common2/boards/user_board/init.o
 .debug_aranges
                0x00000098       0x28 src/ASF/common/utils/interrupt/interrupt_sam_nvic.o
 .debug_aranges
                0x000000c0       0x70 src/ASF/sam0/drivers/system/clock/clock_samd20/clock.o
 .debug_aranges
                0x00000130       0x80 src/ASF/sam0/drivers/system/clock/clock_samd20/gclk.o
 .debug_aranges
                0x000001b0       0x28 src/ASF/sam0/drivers/system/system.o
 .debug_aranges
                0x000001d8       0x28 src/ASF/sam0/utils/cmsis/samd20/source/gcc/startup_samd20.o
 .debug_aranges
                0x00000200       0x20 src/main.o

.debug_ranges   0x00000000      0x190
 .debug_ranges  0x00000000       0x30 src/Delay.o
 .debug_ranges  0x00000030       0x28 src/S_PORT.o
 .debug_ranges  0x00000058       0x10 src/ASF/common2/boards/user_board/init.o
 .debug_ranges  0x00000068       0x18 src/ASF/common/utils/interrupt/interrupt_sam_nvic.o
 .debug_ranges  0x00000080       0x60 src/ASF/sam0/drivers/system/clock/clock_samd20/clock.o
 .debug_ranges  0x000000e0       0x70 src/ASF/sam0/drivers/system/clock/clock_samd20/gclk.o
 .debug_ranges  0x00000150       0x18 src/ASF/sam0/drivers/system/system.o
 .debug_ranges  0x00000168       0x18 src/ASF/sam0/utils/cmsis/samd20/source/gcc/startup_samd20.o
 .debug_ranges  0x00000180       0x10 src/main.o

.debug_macro    0x00000000     0x2805
 .debug_macro   0x00000000      0x406 src/Delay.o
 .debug_macro   0x00000406      0x405 src/S_PORT.o
 .debug_macro   0x0000080b      0x4bd src/ASF/common2/boards/user_board/init.o
 .debug_macro   0x00000cc8      0x3fc src/ASF/common/utils/interrupt/interrupt_sam_nvic.o
 .debug_macro   0x000010c4      0x512 src/ASF/sam0/drivers/system/clock/clock_samd20/clock.o
 .debug_macro   0x000015d6      0x21a src/ASF/sam0/drivers/system/clock/clock_samd20/clock.o
 .debug_macro   0x000017f0      0x433 src/ASF/sam0/drivers/system/clock/clock_samd20/gclk.o
 .debug_macro   0x00001c23      0x441 src/ASF/sam0/drivers/system/system.o
 .debug_macro   0x00002064      0x269 src/ASF/sam0/utils/cmsis/samd20/source/gcc/startup_samd20.o
 .debug_macro   0x000022cd       0x3a src/ASF/sam0/utils/cmsis/samd20/source/gcc/startup_samd20.o
 .debug_macro   0x00002307      0x4fe src/main.o

.debug_line     0x00000000     0x539c
 .debug_line    0x00000000      0x80b src/Delay.o
 .debug_line    0x0000080b      0x803 src/S_PORT.o
 .debug_line    0x0000100e      0xa99 src/ASF/common2/boards/user_board/init.o
 .debug_line    0x00001aa7      0x7f4 src/ASF/common/utils/interrupt/interrupt_sam_nvic.o
 .debug_line    0x0000229b      0xb75 src/ASF/sam0/drivers/system/clock/clock_samd20/clock.o
 .debug_line    0x00002e10      0xb94 src/ASF/sam0/drivers/system/clock/clock_samd20/gclk.o
 .debug_line    0x000039a4      0x909 src/ASF/sam0/drivers/system/system.o
 .debug_line    0x000042ad      0x5ef src/ASF/sam0/utils/cmsis/samd20/source/gcc/startup_samd20.o
 .debug_line    0x0000489c      0xb00 src/main.o

.debug_str      0x00000000    0x592a4
 .debug_str     0x00000000    0x5359f src/Delay.o
                              0x539ee (size before relaxing)
 .debug_str     0x0005359f      0xa80 src/S_PORT.o
                              0x545a4 (size before relaxing)
 .debug_str     0x0005401f      0xe77 src/ASF/common2/boards/user_board/init.o
                              0x547eb (size before relaxing)
 .debug_str     0x00054e96       0x9b src/ASF/common/utils/interrupt/interrupt_sam_nvic.o
                              0x53a0f (size before relaxing)
 .debug_str     0x00054f31     0x2fb9 src/ASF/sam0/drivers/system/clock/clock_samd20/clock.o
                              0x56bed (size before relaxing)
 .debug_str     0x00057eea      0x2f1 src/ASF/sam0/drivers/system/clock/clock_samd20/gclk.o
                              0x5459d (size before relaxing)
 .debug_str     0x000581db       0x47 src/ASF/sam0/drivers/system/system.o
                              0x53a79 (size before relaxing)
 .debug_str     0x00058222      0x36a src/ASF/sam0/utils/cmsis/samd20/source/gcc/startup_samd20.o
                              0x41d5a (size before relaxing)
 .debug_str     0x0005858c      0xd18 src/main.o
                              0x5622a (size before relaxing)

.debug_frame    0x00000000      0x478
 .debug_frame   0x00000000       0x78 src/Delay.o
 .debug_frame   0x00000078       0x64 src/S_PORT.o
 .debug_frame   0x000000dc       0x20 src/ASF/common2/boards/user_board/init.o
 .debug_frame   0x000000fc       0x30 src/ASF/common/utils/interrupt/interrupt_sam_nvic.o
 .debug_frame   0x0000012c      0x134 src/ASF/sam0/drivers/system/clock/clock_samd20/clock.o
 .debug_frame   0x00000260      0x14c src/ASF/sam0/drivers/system/clock/clock_samd20/gclk.o
 .debug_frame   0x000003ac       0x38 src/ASF/sam0/drivers/system/system.o
 .debug_frame   0x000003e4       0x38 src/ASF/sam0/utils/cmsis/samd20/source/gcc/startup_samd20.o
 .debug_frame   0x0000041c       0x30 src/main.o
 .debug_frame   0x0000044c       0x2c c:/program files (x86)/atmel/atmel toolchain/arm gcc/native/4.8.1443/arm-gnu-toolchain/bin/../lib/gcc/arm-none-eabi/4.8.4/../../../../arm-none-eabi/lib/armv6-m\libc_s.a(lib_a-init.o)

Cross Reference Table

Symbol                                            File
AC_Handler                                        src/ASF/sam0/utils/cmsis/samd20/source/gcc/startup_samd20.o
ADC_Handler                                       src/ASF/sam0/utils/cmsis/samd20/source/gcc/startup_samd20.o
ClearKeys                                         src/MatrixKeypad.o
ConfigureGCLKGen                                  src/S_GCLOCK.o
ConfigureSpi                                      src/S_SPI.o
DAC_Handler                                       src/ASF/sam0/utils/cmsis/samd20/source/gcc/startup_samd20.o
Dummy_Handler                                     src/ASF/sam0/utils/cmsis/samd20/source/gcc/startup_samd20.o
EEP_NACK                                          src/EEProm.o
EEP_ReadByte                                      src/EEProm.o
EEP_ReadInt                                       src/EEProm.o
EEP_Reset                                         src/EEProm.o
EEP_WriteByte                                     src/EEProm.o
EEP_WriteInt                                      src/EEProm.o
EEP_timeout                                       src/EEProm.o
EIC_Handler                                       src/ASF/sam0/utils/cmsis/samd20/source/gcc/startup_samd20.o
EVSYS_Handler                                     src/ASF/sam0/utils/cmsis/samd20/source/gcc/startup_samd20.o
GCLKGen_Divide                                    src/S_GCLOCK.o
GCLKGen_Peripheral                                src/S_GCLOCK.o
                                                  src/S_SPI.o
GCLKGen_Source                                    src/S_GCLOCK.o
HardFault_Handler                                 src/ASF/sam0/utils/cmsis/samd20/source/gcc/startup_samd20.o
I2C_State                                         src/EEProm.o
KeyDetected                                       src/MatrixKeypad.o
Keyconfig                                         src/MatrixKeypad.o
Keyscan                                           src/MatrixKeypad.o
LCD_Clrscr                                        src/CharLCD.o
LCD_CmdWrite                                      src/CharLCD.o
LCD_CursorBlink                                   src/CharLCD.o
LCD_CursorOff                                     src/CharLCD.o
LCD_CursorOn                                      src/CharLCD.o
LCD_DataWrite                                     src/CharLCD.o
LCD_DispAscii                                     src/CharLCD.o
LCD_Init                                          src/CharLCD.o
LCD_Setcursor                                     src/CharLCD.o
                                                  src/EEProm.o
LCD_build                                         src/CharLCD.o
LCD_build2                                        src/CharLCD.o
LCD_disp                                          src/CharLCD.o
                                                  src/EEProm.o
LCD_fulldisp                                      src/CharLCD.o
NMI_Handler                                       src/ASF/sam0/utils/cmsis/samd20/source/gcc/startup_samd20.o
NVMCTRL_Handler                                   src/ASF/sam0/utils/cmsis/samd20/source/gcc/startup_samd20.o
PM_Handler                                        src/ASF/sam0/utils/cmsis/samd20/source/gcc/startup_samd20.o
PTC_Handler                                       src/ASF/sam0/utils/cmsis/samd20/source/gcc/startup_samd20.o
ParaKey                                           src/main.o
                                                  src/MatrixKeypad.o
PendSV_Handler                                    src/ASF/sam0/utils/cmsis/samd20/source/gcc/startup_samd20.o
RTC_Handler                                       src/ASF/sam0/utils/cmsis/samd20/source/gcc/startup_samd20.o
Reset_Handler                                     src/ASF/sam0/utils/cmsis/samd20/source/gcc/startup_samd20.o
RunKey                                            src/main.o
                                                  src/MatrixKeypad.o
SERCOM0_Handler                                   src/ASF/sam0/utils/cmsis/samd20/source/gcc/startup_samd20.o
SERCOM1_Handler                                   src/ASF/sam0/utils/cmsis/samd20/source/gcc/startup_samd20.o
SERCOM2_Handler                                   src/ASF/sam0/utils/cmsis/samd20/source/gcc/startup_samd20.o
SERCOM3_Handler                                   src/ASF/sam0/utils/cmsis/samd20/source/gcc/startup_samd20.o
SERCOM4_Handler                                   src/ASF/sam0/utils/cmsis/samd20/source/gcc/startup_samd20.o
SERCOM5_Handler                                   src/ASF/sam0/utils/cmsis/samd20/source/gcc/startup_samd20.o
SVC_Handler                                       src/ASF/sam0/utils/cmsis/samd20/source/gcc/startup_samd20.o
SYSCTRL_Handler                                   src/ASF/sam0/utils/cmsis/samd20/source/gcc/startup_samd20.o
StartKey                                          src/main.o
                                                  src/MatrixKeypad.o
StopKey                                           src/main.o
                                                  src/MatrixKeypad.o
StoreKey                                          src/main.o
                                                  src/MatrixKeypad.o
SysTick_Handler                                   src/ASF/sam0/utils/cmsis/samd20/source/gcc/startup_samd20.o
SystemCoreClock                                   src/ASF/sam0/utils/cmsis/samd20/source/system_samd20.o
SystemCoreClockUpdate                             src/ASF/sam0/utils/cmsis/samd20/source/system_samd20.o
SystemInit                                        src/ASF/sam0/utils/cmsis/samd20/source/system_samd20.o
TC0_Handler                                       src/ASF/sam0/utils/cmsis/samd20/source/gcc/startup_samd20.o
TC1_Handler                                       src/ASF/sam0/utils/cmsis/samd20/source/gcc/startup_samd20.o
TC2_Handler                                       src/ASF/sam0/utils/cmsis/samd20/source/gcc/startup_samd20.o
TC3_Handler                                       src/ASF/sam0/utils/cmsis/samd20/source/gcc/startup_samd20.o
TC4_Handler                                       src/ASF/sam0/utils/cmsis/samd20/source/gcc/startup_samd20.o
TC5_Handler                                       src/ASF/sam0/utils/cmsis/samd20/source/gcc/startup_samd20.o
TC6_Handler                                       src/ASF/sam0/utils/cmsis/samd20/source/gcc/startup_samd20.o
TC7_Handler                                       src/ASF/sam0/utils/cmsis/samd20/source/gcc/startup_samd20.o
UpdateKey                                         src/main.o
                                                  src/MatrixKeypad.o
WDT_Handler                                       src/ASF/sam0/utils/cmsis/samd20/source/gcc/startup_samd20.o
_Jv_RegisterClasses                               c:/program files (x86)/atmel/atmel toolchain/arm gcc/native/4.8.1443/arm-gnu-toolchain/bin/../lib/gcc/arm-none-eabi/4.8.4/armv6-m/crtbegin.o
__aeabi_idiv                                      c:/program files (x86)/atmel/atmel toolchain/arm gcc/native/4.8.1443/arm-gnu-toolchain/bin/../lib/gcc/arm-none-eabi/4.8.4/armv6-m\libgcc.a(_divsi3.o)
                                                  c:/program files (x86)/atmel/atmel toolchain/arm gcc/native/4.8.1443/arm-gnu-toolchain/bin/../lib/gcc/arm-none-eabi/4.8.4/../../../../arm-none-eabi/lib/armv6-m\libc_s.a(lib_a-fvwrite.o)
__aeabi_idiv0                                     c:/program files (x86)/atmel/atmel toolchain/arm gcc/native/4.8.1443/arm-gnu-toolchain/bin/../lib/gcc/arm-none-eabi/4.8.4/armv6-m\libgcc.a(_dvmd_tls.o)
                                                  c:/program files (x86)/atmel/atmel toolchain/arm gcc/native/4.8.1443/arm-gnu-toolchain/bin/../lib/gcc/arm-none-eabi/4.8.4/armv6-m\libgcc.a(_divsi3.o)
                                                  c:/program files (x86)/atmel/atmel toolchain/arm gcc/native/4.8.1443/arm-gnu-toolchain/bin/../lib/gcc/arm-none-eabi/4.8.4/armv6-m\libgcc.a(_udivsi3.o)
__aeabi_idivmod                                   c:/program files (x86)/atmel/atmel toolchain/arm gcc/native/4.8.1443/arm-gnu-toolchain/bin/../lib/gcc/arm-none-eabi/4.8.4/armv6-m\libgcc.a(_divsi3.o)
__aeabi_ldiv0                                     c:/program files (x86)/atmel/atmel toolchain/arm gcc/native/4.8.1443/arm-gnu-toolchain/bin/../lib/gcc/arm-none-eabi/4.8.4/armv6-m\libgcc.a(_dvmd_tls.o)
__aeabi_lmul                                      c:/program files (x86)/atmel/atmel toolchain/arm gcc/native/4.8.1443/arm-gnu-toolchain/bin/../lib/gcc/arm-none-eabi/4.8.4/armv6-m\libgcc.a(_muldi3.o)
                                                  src/ASF/sam0/drivers/sercom/sercom.o
__aeabi_uidiv                                     c:/program files (x86)/atmel/atmel toolchain/arm gcc/native/4.8.1443/arm-gnu-toolchain/bin/../lib/gcc/arm-none-eabi/4.8.4/armv6-m\libgcc.a(_udivsi3.o)
                                                  c:/program files (x86)/atmel/atmel toolchain/arm gcc/native/4.8.1443/arm-gnu-toolchain/bin/../lib/gcc/arm-none-eabi/4.8.4/../../../../arm-none-eabi/lib/armv6-m\libc_s.a(lib_a-vfprintf_i.o)
                                                  src/ASF/sam0/drivers/system/clock/clock_samd20/gclk.o
                                                  src/S_SPI.o
                                                  src/ASF/sam0/drivers/sercom/i2c/i2c_samd20/i2c_master.o
__aeabi_uidivmod                                  c:/program files (x86)/atmel/atmel toolchain/arm gcc/native/4.8.1443/arm-gnu-toolchain/bin/../lib/gcc/arm-none-eabi/4.8.4/armv6-m\libgcc.a(_udivsi3.o)
                                                  c:/program files (x86)/atmel/atmel toolchain/arm gcc/native/4.8.1443/arm-gnu-toolchain/bin/../lib/gcc/arm-none-eabi/4.8.4/../../../../arm-none-eabi/lib/armv6-m\libc_s.a(lib_a-vfprintf_i.o)
__bss_end__                                       c:/program files (x86)/atmel/atmel toolchain/arm gcc/native/4.8.1443/arm-gnu-toolchain/bin/../lib/gcc/arm-none-eabi/4.8.4/../../../../arm-none-eabi/lib/armv6-m/crt0.o
__bss_start__                                     c:/program files (x86)/atmel/atmel toolchain/arm gcc/native/4.8.1443/arm-gnu-toolchain/bin/../lib/gcc/arm-none-eabi/4.8.4/../../../../arm-none-eabi/lib/armv6-m/crt0.o
__call_exitprocs                                  c:/program files (x86)/atmel/atmel toolchain/arm gcc/native/4.8.1443/arm-gnu-toolchain/bin/../lib/gcc/arm-none-eabi/4.8.4/../../../../arm-none-eabi/lib/armv6-m\libc_s.a(lib_a-exit.o)
__deregister_frame_info                           c:/program files (x86)/atmel/atmel toolchain/arm gcc/native/4.8.1443/arm-gnu-toolchain/bin/../lib/gcc/arm-none-eabi/4.8.4/armv6-m/crtbegin.o
__divsi3                                          c:/program files (x86)/atmel/atmel toolchain/arm gcc/native/4.8.1443/arm-gnu-toolchain/bin/../lib/gcc/arm-none-eabi/4.8.4/armv6-m\libgcc.a(_divsi3.o)
__dso_handle                                      c:/program files (x86)/atmel/atmel toolchain/arm gcc/native/4.8.1443/arm-gnu-toolchain/bin/../lib/gcc/arm-none-eabi/4.8.4/armv6-m/crtbegin.o
__fp_lock_all                                     c:/program files (x86)/atmel/atmel toolchain/arm gcc/native/4.8.1443/arm-gnu-toolchain/bin/../lib/gcc/arm-none-eabi/4.8.4/../../../../arm-none-eabi/lib/armv6-m\libc_s.a(lib_a-findfp.o)
__fp_unlock_all                                   c:/program files (x86)/atmel/atmel toolchain/arm gcc/native/4.8.1443/arm-gnu-toolchain/bin/../lib/gcc/arm-none-eabi/4.8.4/../../../../arm-none-eabi/lib/armv6-m\libc_s.a(lib_a-findfp.o)
__init_array_end                                  c:/program files (x86)/atmel/atmel toolchain/arm gcc/native/4.8.1443/arm-gnu-toolchain/bin/../lib/gcc/arm-none-eabi/4.8.4/../../../../arm-none-eabi/lib/armv6-m\libc_s.a(lib_a-init.o)
__init_array_start                                c:/program files (x86)/atmel/atmel toolchain/arm gcc/native/4.8.1443/arm-gnu-toolchain/bin/../lib/gcc/arm-none-eabi/4.8.4/../../../../arm-none-eabi/lib/armv6-m\libc_s.a(lib_a-init.o)
__libc_fini_array                                 c:/program files (x86)/atmel/atmel toolchain/arm gcc/native/4.8.1443/arm-gnu-toolchain/bin/../lib/gcc/arm-none-eabi/4.8.4/../../../../arm-none-eabi/lib/armv6-m/crt0.o
__libc_init_array                                 c:/program files (x86)/atmel/atmel toolchain/arm gcc/native/4.8.1443/arm-gnu-toolchain/bin/../lib/gcc/arm-none-eabi/4.8.4/../../../../arm-none-eabi/lib/armv6-m\libc_s.a(lib_a-init.o)
                                                  src/ASF/sam0/utils/cmsis/samd20/source/gcc/startup_samd20.o
                                                  c:/program files (x86)/atmel/atmel toolchain/arm gcc/native/4.8.1443/arm-gnu-toolchain/bin/../lib/gcc/arm-none-eabi/4.8.4/../../../../arm-none-eabi/lib/armv6-m/crt0.o
__malloc_free_list                                c:/program files (x86)/atmel/atmel toolchain/arm gcc/native/4.8.1443/arm-gnu-toolchain/bin/../lib/gcc/arm-none-eabi/4.8.4/../../../../arm-none-eabi/lib/armv6-m\libc_s.a(lib_a-nano-mallocr.o)
                                                  c:/program files (x86)/atmel/atmel toolchain/arm gcc/native/4.8.1443/arm-gnu-toolchain/bin/../lib/gcc/arm-none-eabi/4.8.4/../../../../arm-none-eabi/lib/armv6-m\libc_s.a(lib_a-nano-freer.o)
__malloc_sbrk_start                               c:/program files (x86)/atmel/atmel toolchain/arm gcc/native/4.8.1443/arm-gnu-toolchain/bin/../lib/gcc/arm-none-eabi/4.8.4/../../../../arm-none-eabi/lib/armv6-m\libc_s.a(lib_a-nano-mallocr.o)
__muldi3                                          c:/program files (x86)/atmel/atmel toolchain/arm gcc/native/4.8.1443/arm-gnu-toolchain/bin/../lib/gcc/arm-none-eabi/4.8.4/armv6-m\libgcc.a(_muldi3.o)
__preinit_array_end                               c:/program files (x86)/atmel/atmel toolchain/arm gcc/native/4.8.1443/arm-gnu-toolchain/bin/../lib/gcc/arm-none-eabi/4.8.4/../../../../arm-none-eabi/lib/armv6-m\libc_s.a(lib_a-init.o)
__preinit_array_start                             c:/program files (x86)/atmel/atmel toolchain/arm gcc/native/4.8.1443/arm-gnu-toolchain/bin/../lib/gcc/arm-none-eabi/4.8.4/../../../../arm-none-eabi/lib/armv6-m\libc_s.a(lib_a-init.o)
__register_frame_info                             c:/program files (x86)/atmel/atmel toolchain/arm gcc/native/4.8.1443/arm-gnu-toolchain/bin/../lib/gcc/arm-none-eabi/4.8.4/armv6-m/crtbegin.o
__sclose                                          c:/program files (x86)/atmel/atmel toolchain/arm gcc/native/4.8.1443/arm-gnu-toolchain/bin/../lib/gcc/arm-none-eabi/4.8.4/../../../../arm-none-eabi/lib/armv6-m\libc_s.a(lib_a-stdio.o)
                                                  c:/program files (x86)/atmel/atmel toolchain/arm gcc/native/4.8.1443/arm-gnu-toolchain/bin/../lib/gcc/arm-none-eabi/4.8.4/../../../../arm-none-eabi/lib/armv6-m\libc_s.a(lib_a-findfp.o)
__seofread                                        c:/program files (x86)/atmel/atmel toolchain/arm gcc/native/4.8.1443/arm-gnu-toolchain/bin/../lib/gcc/arm-none-eabi/4.8.4/../../../../arm-none-eabi/lib/armv6-m\libc_s.a(lib_a-stdio.o)
__sf_fake_stderr                                  c:/program files (x86)/atmel/atmel toolchain/arm gcc/native/4.8.1443/arm-gnu-toolchain/bin/../lib/gcc/arm-none-eabi/4.8.4/../../../../arm-none-eabi/lib/armv6-m\libc_s.a(lib_a-findfp.o)
                                                  c:/program files (x86)/atmel/atmel toolchain/arm gcc/native/4.8.1443/arm-gnu-toolchain/bin/../lib/gcc/arm-none-eabi/4.8.4/../../../../arm-none-eabi/lib/armv6-m\libc_s.a(lib_a-fflush.o)
                                                  c:/program files (x86)/atmel/atmel toolchain/arm gcc/native/4.8.1443/arm-gnu-toolchain/bin/../lib/gcc/arm-none-eabi/4.8.4/../../../../arm-none-eabi/lib/armv6-m\libc_s.a(lib_a-wsetup.o)
                                                  c:/program files (x86)/atmel/atmel toolchain/arm gcc/native/4.8.1443/arm-gnu-toolchain/bin/../lib/gcc/arm-none-eabi/4.8.4/../../../../arm-none-eabi/lib/armv6-m\libc_s.a(lib_a-wbuf.o)
                                                  c:/program files (x86)/atmel/atmel toolchain/arm gcc/native/4.8.1443/arm-gnu-toolchain/bin/../lib/gcc/arm-none-eabi/4.8.4/../../../../arm-none-eabi/lib/armv6-m\libc_s.a(lib_a-vfprintf.o)
                                                  c:/program files (x86)/atmel/atmel toolchain/arm gcc/native/4.8.1443/arm-gnu-toolchain/bin/../lib/gcc/arm-none-eabi/4.8.4/../../../../arm-none-eabi/lib/armv6-m\libc_s.a(lib_a-impure.o)
__sf_fake_stdin                                   c:/program files (x86)/atmel/atmel toolchain/arm gcc/native/4.8.1443/arm-gnu-toolchain/bin/../lib/gcc/arm-none-eabi/4.8.4/../../../../arm-none-eabi/lib/armv6-m\libc_s.a(lib_a-findfp.o)
                                                  c:/program files (x86)/atmel/atmel toolchain/arm gcc/native/4.8.1443/arm-gnu-toolchain/bin/../lib/gcc/arm-none-eabi/4.8.4/../../../../arm-none-eabi/lib/armv6-m\libc_s.a(lib_a-fflush.o)
                                                  c:/program files (x86)/atmel/atmel toolchain/arm gcc/native/4.8.1443/arm-gnu-toolchain/bin/../lib/gcc/arm-none-eabi/4.8.4/../../../../arm-none-eabi/lib/armv6-m\libc_s.a(lib_a-wsetup.o)
                                                  c:/program files (x86)/atmel/atmel toolchain/arm gcc/native/4.8.1443/arm-gnu-toolchain/bin/../lib/gcc/arm-none-eabi/4.8.4/../../../../arm-none-eabi/lib/armv6-m\libc_s.a(lib_a-wbuf.o)
                                                  c:/program files (x86)/atmel/atmel toolchain/arm gcc/native/4.8.1443/arm-gnu-toolchain/bin/../lib/gcc/arm-none-eabi/4.8.4/../../../../arm-none-eabi/lib/armv6-m\libc_s.a(lib_a-vfprintf.o)
                                                  c:/program files (x86)/atmel/atmel toolchain/arm gcc/native/4.8.1443/arm-gnu-toolchain/bin/../lib/gcc/arm-none-eabi/4.8.4/../../../../arm-none-eabi/lib/armv6-m\libc_s.a(lib_a-impure.o)
__sf_fake_stdout                                  c:/program files (x86)/atmel/atmel toolchain/arm gcc/native/4.8.1443/arm-gnu-toolchain/bin/../lib/gcc/arm-none-eabi/4.8.4/../../../../arm-none-eabi/lib/armv6-m\libc_s.a(lib_a-findfp.o)
                                                  c:/program files (x86)/atmel/atmel toolchain/arm gcc/native/4.8.1443/arm-gnu-toolchain/bin/../lib/gcc/arm-none-eabi/4.8.4/../../../../arm-none-eabi/lib/armv6-m\libc_s.a(lib_a-fflush.o)
                                                  c:/program files (x86)/atmel/atmel toolchain/arm gcc/native/4.8.1443/arm-gnu-toolchain/bin/../lib/gcc/arm-none-eabi/4.8.4/../../../../arm-none-eabi/lib/armv6-m\libc_s.a(lib_a-wsetup.o)
                                                  c:/program files (x86)/atmel/atmel toolchain/arm gcc/native/4.8.1443/arm-gnu-toolchain/bin/../lib/gcc/arm-none-eabi/4.8.4/../../../../arm-none-eabi/lib/armv6-m\libc_s.a(lib_a-wbuf.o)
                                                  c:/program files (x86)/atmel/atmel toolchain/arm gcc/native/4.8.1443/arm-gnu-toolchain/bin/../lib/gcc/arm-none-eabi/4.8.4/../../../../arm-none-eabi/lib/armv6-m\libc_s.a(lib_a-vfprintf.o)
                                                  c:/program files (x86)/atmel/atmel toolchain/arm gcc/native/4.8.1443/arm-gnu-toolchain/bin/../lib/gcc/arm-none-eabi/4.8.4/../../../../arm-none-eabi/lib/armv6-m\libc_s.a(lib_a-impure.o)
__sflush_r                                        c:/program files (x86)/atmel/atmel toolchain/arm gcc/native/4.8.1443/arm-gnu-toolchain/bin/../lib/gcc/arm-none-eabi/4.8.4/../../../../arm-none-eabi/lib/armv6-m\libc_s.a(lib_a-fflush.o)
__sfmoreglue                                      c:/program files (x86)/atmel/atmel toolchain/arm gcc/native/4.8.1443/arm-gnu-toolchain/bin/../lib/gcc/arm-none-eabi/4.8.4/../../../../arm-none-eabi/lib/armv6-m\libc_s.a(lib_a-findfp.o)
__sfp                                             c:/program files (x86)/atmel/atmel toolchain/arm gcc/native/4.8.1443/arm-gnu-toolchain/bin/../lib/gcc/arm-none-eabi/4.8.4/../../../../arm-none-eabi/lib/armv6-m\libc_s.a(lib_a-findfp.o)
__sfp_lock_acquire                                c:/program files (x86)/atmel/atmel toolchain/arm gcc/native/4.8.1443/arm-gnu-toolchain/bin/../lib/gcc/arm-none-eabi/4.8.4/../../../../arm-none-eabi/lib/armv6-m\libc_s.a(lib_a-findfp.o)
__sfp_lock_release                                c:/program files (x86)/atmel/atmel toolchain/arm gcc/native/4.8.1443/arm-gnu-toolchain/bin/../lib/gcc/arm-none-eabi/4.8.4/../../../../arm-none-eabi/lib/armv6-m\libc_s.a(lib_a-findfp.o)
__sfputs_r                                        c:/program files (x86)/atmel/atmel toolchain/arm gcc/native/4.8.1443/arm-gnu-toolchain/bin/../lib/gcc/arm-none-eabi/4.8.4/../../../../arm-none-eabi/lib/armv6-m\libc_s.a(lib_a-vfprintf.o)
__sfvwrite_r                                      c:/program files (x86)/atmel/atmel toolchain/arm gcc/native/4.8.1443/arm-gnu-toolchain/bin/../lib/gcc/arm-none-eabi/4.8.4/../../../../arm-none-eabi/lib/armv6-m\libc_s.a(lib_a-fvwrite.o)
                                                  c:/program files (x86)/atmel/atmel toolchain/arm gcc/native/4.8.1443/arm-gnu-toolchain/bin/../lib/gcc/arm-none-eabi/4.8.4/../../../../arm-none-eabi/lib/armv6-m\libc_s.a(lib_a-vfprintf.o)
__sinit                                           c:/program files (x86)/atmel/atmel toolchain/arm gcc/native/4.8.1443/arm-gnu-toolchain/bin/../lib/gcc/arm-none-eabi/4.8.4/../../../../arm-none-eabi/lib/armv6-m\libc_s.a(lib_a-findfp.o)
                                                  c:/program files (x86)/atmel/atmel toolchain/arm gcc/native/4.8.1443/arm-gnu-toolchain/bin/../lib/gcc/arm-none-eabi/4.8.4/../../../../arm-none-eabi/lib/armv6-m\libc_s.a(lib_a-fflush.o)
                                                  c:/program files (x86)/atmel/atmel toolchain/arm gcc/native/4.8.1443/arm-gnu-toolchain/bin/../lib/gcc/arm-none-eabi/4.8.4/../../../../arm-none-eabi/lib/armv6-m\libc_s.a(lib_a-wsetup.o)
                                                  c:/program files (x86)/atmel/atmel toolchain/arm gcc/native/4.8.1443/arm-gnu-toolchain/bin/../lib/gcc/arm-none-eabi/4.8.4/../../../../arm-none-eabi/lib/armv6-m\libc_s.a(lib_a-wbuf.o)
                                                  c:/program files (x86)/atmel/atmel toolchain/arm gcc/native/4.8.1443/arm-gnu-toolchain/bin/../lib/gcc/arm-none-eabi/4.8.4/../../../../arm-none-eabi/lib/armv6-m\libc_s.a(lib_a-vfprintf.o)
                                                  c:/program files (x86)/atmel/atmel toolchain/arm gcc/native/4.8.1443/arm-gnu-toolchain/bin/../lib/gcc/arm-none-eabi/4.8.4/../../../../arm-none-eabi/lib/armv6-m\libc_s.a(lib_a-printf.o)
__sinit_lock_acquire                              c:/program files (x86)/atmel/atmel toolchain/arm gcc/native/4.8.1443/arm-gnu-toolchain/bin/../lib/gcc/arm-none-eabi/4.8.4/../../../../arm-none-eabi/lib/armv6-m\libc_s.a(lib_a-findfp.o)
__sinit_lock_release                              c:/program files (x86)/atmel/atmel toolchain/arm gcc/native/4.8.1443/arm-gnu-toolchain/bin/../lib/gcc/arm-none-eabi/4.8.4/../../../../arm-none-eabi/lib/armv6-m\libc_s.a(lib_a-findfp.o)
__smakebuf_r                                      c:/program files (x86)/atmel/atmel toolchain/arm gcc/native/4.8.1443/arm-gnu-toolchain/bin/../lib/gcc/arm-none-eabi/4.8.4/../../../../arm-none-eabi/lib/armv6-m\libc_s.a(lib_a-makebuf.o)
                                                  c:/program files (x86)/atmel/atmel toolchain/arm gcc/native/4.8.1443/arm-gnu-toolchain/bin/../lib/gcc/arm-none-eabi/4.8.4/../../../../arm-none-eabi/lib/armv6-m\libc_s.a(lib_a-wsetup.o)
__sprint_r                                        c:/program files (x86)/atmel/atmel toolchain/arm gcc/native/4.8.1443/arm-gnu-toolchain/bin/../lib/gcc/arm-none-eabi/4.8.4/../../../../arm-none-eabi/lib/armv6-m\libc_s.a(lib_a-vfprintf.o)
__sread                                           c:/program files (x86)/atmel/atmel toolchain/arm gcc/native/4.8.1443/arm-gnu-toolchain/bin/../lib/gcc/arm-none-eabi/4.8.4/../../../../arm-none-eabi/lib/armv6-m\libc_s.a(lib_a-stdio.o)
                                                  c:/program files (x86)/atmel/atmel toolchain/arm gcc/native/4.8.1443/arm-gnu-toolchain/bin/../lib/gcc/arm-none-eabi/4.8.4/../../../../arm-none-eabi/lib/armv6-m\libc_s.a(lib_a-findfp.o)
__sseek                                           c:/program files (x86)/atmel/atmel toolchain/arm gcc/native/4.8.1443/arm-gnu-toolchain/bin/../lib/gcc/arm-none-eabi/4.8.4/../../../../arm-none-eabi/lib/armv6-m\libc_s.a(lib_a-stdio.o)
                                                  c:/program files (x86)/atmel/atmel toolchain/arm gcc/native/4.8.1443/arm-gnu-toolchain/bin/../lib/gcc/arm-none-eabi/4.8.4/../../../../arm-none-eabi/lib/armv6-m\libc_s.a(lib_a-findfp.o)
__stack                                           c:/program files (x86)/atmel/atmel toolchain/arm gcc/native/4.8.1443/arm-gnu-toolchain/bin/../lib/gcc/arm-none-eabi/4.8.4/../../../../arm-none-eabi/lib/armv6-m/crt0.o
__swbuf                                           c:/program files (x86)/atmel/atmel toolchain/arm gcc/native/4.8.1443/arm-gnu-toolchain/bin/../lib/gcc/arm-none-eabi/4.8.4/../../../../arm-none-eabi/lib/armv6-m\libc_s.a(lib_a-wbuf.o)
__swbuf_r                                         c:/program files (x86)/atmel/atmel toolchain/arm gcc/native/4.8.1443/arm-gnu-toolchain/bin/../lib/gcc/arm-none-eabi/4.8.4/../../../../arm-none-eabi/lib/armv6-m\libc_s.a(lib_a-wbuf.o)
                                                  c:/program files (x86)/atmel/atmel toolchain/arm gcc/native/4.8.1443/arm-gnu-toolchain/bin/../lib/gcc/arm-none-eabi/4.8.4/../../../../arm-none-eabi/lib/armv6-m\libc_s.a(lib_a-vfprintf.o)
__swrite                                          c:/program files (x86)/atmel/atmel toolchain/arm gcc/native/4.8.1443/arm-gnu-toolchain/bin/../lib/gcc/arm-none-eabi/4.8.4/../../../../arm-none-eabi/lib/armv6-m\libc_s.a(lib_a-stdio.o)
                                                  c:/program files (x86)/atmel/atmel toolchain/arm gcc/native/4.8.1443/arm-gnu-toolchain/bin/../lib/gcc/arm-none-eabi/4.8.4/../../../../arm-none-eabi/lib/armv6-m\libc_s.a(lib_a-findfp.o)
__swsetup_r                                       c:/program files (x86)/atmel/atmel toolchain/arm gcc/native/4.8.1443/arm-gnu-toolchain/bin/../lib/gcc/arm-none-eabi/4.8.4/../../../../arm-none-eabi/lib/armv6-m\libc_s.a(lib_a-wsetup.o)
                                                  c:/program files (x86)/atmel/atmel toolchain/arm gcc/native/4.8.1443/arm-gnu-toolchain/bin/../lib/gcc/arm-none-eabi/4.8.4/../../../../arm-none-eabi/lib/armv6-m\libc_s.a(lib_a-fvwrite.o)
                                                  c:/program files (x86)/atmel/atmel toolchain/arm gcc/native/4.8.1443/arm-gnu-toolchain/bin/../lib/gcc/arm-none-eabi/4.8.4/../../../../arm-none-eabi/lib/armv6-m\libc_s.a(lib_a-wbuf.o)
                                                  c:/program files (x86)/atmel/atmel toolchain/arm gcc/native/4.8.1443/arm-gnu-toolchain/bin/../lib/gcc/arm-none-eabi/4.8.4/../../../../arm-none-eabi/lib/armv6-m\libc_s.a(lib_a-vfprintf.o)
__udivsi3                                         c:/program files (x86)/atmel/atmel toolchain/arm gcc/native/4.8.1443/arm-gnu-toolchain/bin/../lib/gcc/arm-none-eabi/4.8.4/armv6-m\libgcc.a(_udivsi3.o)
_cleanup                                          c:/program files (x86)/atmel/atmel toolchain/arm gcc/native/4.8.1443/arm-gnu-toolchain/bin/../lib/gcc/arm-none-eabi/4.8.4/../../../../arm-none-eabi/lib/armv6-m\libc_s.a(lib_a-findfp.o)
_cleanup_r                                        c:/program files (x86)/atmel/atmel toolchain/arm gcc/native/4.8.1443/arm-gnu-toolchain/bin/../lib/gcc/arm-none-eabi/4.8.4/../../../../arm-none-eabi/lib/armv6-m\libc_s.a(lib_a-findfp.o)
                                                  c:/program files (x86)/atmel/atmel toolchain/arm gcc/native/4.8.1443/arm-gnu-toolchain/bin/../lib/gcc/arm-none-eabi/4.8.4/../../../../arm-none-eabi/lib/armv6-m\libc_s.a(lib_a-makebuf.o)
_close                                            src/ASF/sam0/utils/syscalls/gcc/syscalls.o
                                                  c:/program files (x86)/atmel/atmel toolchain/arm gcc/native/4.8.1443/arm-gnu-toolchain/bin/../lib/gcc/arm-none-eabi/4.8.4/../../../../arm-none-eabi/lib/armv6-m\libc_s.a(lib_a-closer.o)
_close_r                                          c:/program files (x86)/atmel/atmel toolchain/arm gcc/native/4.8.1443/arm-gnu-toolchain/bin/../lib/gcc/arm-none-eabi/4.8.4/../../../../arm-none-eabi/lib/armv6-m\libc_s.a(lib_a-closer.o)
                                                  c:/program files (x86)/atmel/atmel toolchain/arm gcc/native/4.8.1443/arm-gnu-toolchain/bin/../lib/gcc/arm-none-eabi/4.8.4/../../../../arm-none-eabi/lib/armv6-m\libc_s.a(lib_a-stdio.o)
_end                                              src/ASF/sam0/utils/syscalls/gcc/syscalls.o
_erelocate                                        src/ASF/sam0/utils/cmsis/samd20/source/gcc/startup_samd20.o
_estack                                           src/ASF/sam0/utils/cmsis/samd20/source/gcc/startup_samd20.o
_etext                                            src/ASF/sam0/utils/cmsis/samd20/source/gcc/startup_samd20.o
_exit                                             src/ASF/sam0/utils/syscalls/gcc/syscalls.o
                                                  c:/program files (x86)/atmel/atmel toolchain/arm gcc/native/4.8.1443/arm-gnu-toolchain/bin/../lib/gcc/arm-none-eabi/4.8.4/../../../../arm-none-eabi/lib/armv6-m\libc_s.a(lib_a-exit.o)
_ezero                                            src/ASF/sam0/utils/cmsis/samd20/source/gcc/startup_samd20.o
_fflush_r                                         c:/program files (x86)/atmel/atmel toolchain/arm gcc/native/4.8.1443/arm-gnu-toolchain/bin/../lib/gcc/arm-none-eabi/4.8.4/../../../../arm-none-eabi/lib/armv6-m\libc_s.a(lib_a-fflush.o)
                                                  c:/program files (x86)/atmel/atmel toolchain/arm gcc/native/4.8.1443/arm-gnu-toolchain/bin/../lib/gcc/arm-none-eabi/4.8.4/../../../../arm-none-eabi/lib/armv6-m\libc_s.a(lib_a-fvwrite.o)
                                                  c:/program files (x86)/atmel/atmel toolchain/arm gcc/native/4.8.1443/arm-gnu-toolchain/bin/../lib/gcc/arm-none-eabi/4.8.4/../../../../arm-none-eabi/lib/armv6-m\libc_s.a(lib_a-findfp.o)
                                                  c:/program files (x86)/atmel/atmel toolchain/arm gcc/native/4.8.1443/arm-gnu-toolchain/bin/../lib/gcc/arm-none-eabi/4.8.4/../../../../arm-none-eabi/lib/armv6-m\libc_s.a(lib_a-wbuf.o)
_fini                                             c:/program files (x86)/atmel/atmel toolchain/arm gcc/native/4.8.1443/arm-gnu-toolchain/bin/../lib/gcc/arm-none-eabi/4.8.4/armv6-m/crti.o
_free_r                                           c:/program files (x86)/atmel/atmel toolchain/arm gcc/native/4.8.1443/arm-gnu-toolchain/bin/../lib/gcc/arm-none-eabi/4.8.4/../../../../arm-none-eabi/lib/armv6-m\libc_s.a(lib_a-nano-freer.o)
                                                  c:/program files (x86)/atmel/atmel toolchain/arm gcc/native/4.8.1443/arm-gnu-toolchain/bin/../lib/gcc/arm-none-eabi/4.8.4/../../../../arm-none-eabi/lib/armv6-m\libc_s.a(lib_a-reent.o)
                                                  c:/program files (x86)/atmel/atmel toolchain/arm gcc/native/4.8.1443/arm-gnu-toolchain/bin/../lib/gcc/arm-none-eabi/4.8.4/../../../../arm-none-eabi/lib/armv6-m\libc_s.a(lib_a-nano-reallocr.o)
                                                  c:/program files (x86)/atmel/atmel toolchain/arm gcc/native/4.8.1443/arm-gnu-toolchain/bin/../lib/gcc/arm-none-eabi/4.8.4/../../../../arm-none-eabi/lib/armv6-m\libc_s.a(lib_a-fvwrite.o)
                                                  c:/program files (x86)/atmel/atmel toolchain/arm gcc/native/4.8.1443/arm-gnu-toolchain/bin/../lib/gcc/arm-none-eabi/4.8.4/../../../../arm-none-eabi/lib/armv6-m\libc_s.a(lib_a-fflush.o)
                                                  c:/program files (x86)/atmel/atmel toolchain/arm gcc/native/4.8.1443/arm-gnu-toolchain/bin/../lib/gcc/arm-none-eabi/4.8.4/../../../../arm-none-eabi/lib/armv6-m\libc_s.a(lib_a-wsetup.o)
_fstat                                            src/ASF/sam0/utils/syscalls/gcc/syscalls.o
                                                  c:/program files (x86)/atmel/atmel toolchain/arm gcc/native/4.8.1443/arm-gnu-toolchain/bin/../lib/gcc/arm-none-eabi/4.8.4/../../../../arm-none-eabi/lib/armv6-m\libc_s.a(lib_a-fstatr.o)
_fstat_r                                          c:/program files (x86)/atmel/atmel toolchain/arm gcc/native/4.8.1443/arm-gnu-toolchain/bin/../lib/gcc/arm-none-eabi/4.8.4/../../../../arm-none-eabi/lib/armv6-m\libc_s.a(lib_a-fstatr.o)
                                                  c:/program files (x86)/atmel/atmel toolchain/arm gcc/native/4.8.1443/arm-gnu-toolchain/bin/../lib/gcc/arm-none-eabi/4.8.4/../../../../arm-none-eabi/lib/armv6-m\libc_s.a(lib_a-makebuf.o)
_fwalk                                            c:/program files (x86)/atmel/atmel toolchain/arm gcc/native/4.8.1443/arm-gnu-toolchain/bin/../lib/gcc/arm-none-eabi/4.8.4/../../../../arm-none-eabi/lib/armv6-m\libc_s.a(lib_a-fwalk.o)
                                                  c:/program files (x86)/atmel/atmel toolchain/arm gcc/native/4.8.1443/arm-gnu-toolchain/bin/../lib/gcc/arm-none-eabi/4.8.4/../../../../arm-none-eabi/lib/armv6-m\libc_s.a(lib_a-findfp.o)
_fwalk_reent                                      c:/program files (x86)/atmel/atmel toolchain/arm gcc/native/4.8.1443/arm-gnu-toolchain/bin/../lib/gcc/arm-none-eabi/4.8.4/../../../../arm-none-eabi/lib/armv6-m\libc_s.a(lib_a-fwalk.o)
                                                  c:/program files (x86)/atmel/atmel toolchain/arm gcc/native/4.8.1443/arm-gnu-toolchain/bin/../lib/gcc/arm-none-eabi/4.8.4/../../../../arm-none-eabi/lib/armv6-m\libc_s.a(lib_a-fflush.o)
_getpid                                           src/ASF/sam0/utils/syscalls/gcc/syscalls.o
_global_impure_ptr                                c:/program files (x86)/atmel/atmel toolchain/arm gcc/native/4.8.1443/arm-gnu-toolchain/bin/../lib/gcc/arm-none-eabi/4.8.4/../../../../arm-none-eabi/lib/armv6-m\libc_s.a(lib_a-impure.o)
                                                  c:/program files (x86)/atmel/atmel toolchain/arm gcc/native/4.8.1443/arm-gnu-toolchain/bin/../lib/gcc/arm-none-eabi/4.8.4/../../../../arm-none-eabi/lib/armv6-m\libc_s.a(lib_a-findfp.o)
                                                  c:/program files (x86)/atmel/atmel toolchain/arm gcc/native/4.8.1443/arm-gnu-toolchain/bin/../lib/gcc/arm-none-eabi/4.8.4/../../../../arm-none-eabi/lib/armv6-m\libc_s.a(lib_a-fflush.o)
                                                  c:/program files (x86)/atmel/atmel toolchain/arm gcc/native/4.8.1443/arm-gnu-toolchain/bin/../lib/gcc/arm-none-eabi/4.8.4/../../../../arm-none-eabi/lib/armv6-m\libc_s.a(lib_a-exit.o)
_impure_ptr                                       c:/program files (x86)/atmel/atmel toolchain/arm gcc/native/4.8.1443/arm-gnu-toolchain/bin/../lib/gcc/arm-none-eabi/4.8.4/../../../../arm-none-eabi/lib/armv6-m\libc_s.a(lib_a-impure.o)
                                                  c:/program files (x86)/atmel/atmel toolchain/arm gcc/native/4.8.1443/arm-gnu-toolchain/bin/../lib/gcc/arm-none-eabi/4.8.4/../../../../arm-none-eabi/lib/armv6-m\libc_s.a(lib_a-reent.o)
                                                  c:/program files (x86)/atmel/atmel toolchain/arm gcc/native/4.8.1443/arm-gnu-toolchain/bin/../lib/gcc/arm-none-eabi/4.8.4/../../../../arm-none-eabi/lib/armv6-m\libc_s.a(lib_a-findfp.o)
                                                  c:/program files (x86)/atmel/atmel toolchain/arm gcc/native/4.8.1443/arm-gnu-toolchain/bin/../lib/gcc/arm-none-eabi/4.8.4/../../../../arm-none-eabi/lib/armv6-m\libc_s.a(lib_a-fflush.o)
                                                  c:/program files (x86)/atmel/atmel toolchain/arm gcc/native/4.8.1443/arm-gnu-toolchain/bin/../lib/gcc/arm-none-eabi/4.8.4/../../../../arm-none-eabi/lib/armv6-m\libc_s.a(lib_a-wsetup.o)
                                                  c:/program files (x86)/atmel/atmel toolchain/arm gcc/native/4.8.1443/arm-gnu-toolchain/bin/../lib/gcc/arm-none-eabi/4.8.4/../../../../arm-none-eabi/lib/armv6-m\libc_s.a(lib_a-wbuf.o)
                                                  c:/program files (x86)/atmel/atmel toolchain/arm gcc/native/4.8.1443/arm-gnu-toolchain/bin/../lib/gcc/arm-none-eabi/4.8.4/../../../../arm-none-eabi/lib/armv6-m\libc_s.a(lib_a-vfprintf.o)
                                                  c:/program files (x86)/atmel/atmel toolchain/arm gcc/native/4.8.1443/arm-gnu-toolchain/bin/../lib/gcc/arm-none-eabi/4.8.4/../../../../arm-none-eabi/lib/armv6-m\libc_s.a(lib_a-printf.o)
_init                                             c:/program files (x86)/atmel/atmel toolchain/arm gcc/native/4.8.1443/arm-gnu-toolchain/bin/../lib/gcc/arm-none-eabi/4.8.4/armv6-m/crti.o
                                                  c:/program files (x86)/atmel/atmel toolchain/arm gcc/native/4.8.1443/arm-gnu-toolchain/bin/../lib/gcc/arm-none-eabi/4.8.4/../../../../arm-none-eabi/lib/armv6-m\libc_s.a(lib_a-init.o)
_iprintf_r                                        c:/program files (x86)/atmel/atmel toolchain/arm gcc/native/4.8.1443/arm-gnu-toolchain/bin/../lib/gcc/arm-none-eabi/4.8.4/../../../../arm-none-eabi/lib/armv6-m\libc_s.a(lib_a-printf.o)
_isatty                                           src/ASF/sam0/utils/syscalls/gcc/syscalls.o
                                                  c:/program files (x86)/atmel/atmel toolchain/arm gcc/native/4.8.1443/arm-gnu-toolchain/bin/../lib/gcc/arm-none-eabi/4.8.4/../../../../arm-none-eabi/lib/armv6-m\libc_s.a(lib_a-isattyr.o)
_isatty_r                                         c:/program files (x86)/atmel/atmel toolchain/arm gcc/native/4.8.1443/arm-gnu-toolchain/bin/../lib/gcc/arm-none-eabi/4.8.4/../../../../arm-none-eabi/lib/armv6-m\libc_s.a(lib_a-isattyr.o)
                                                  c:/program files (x86)/atmel/atmel toolchain/arm gcc/native/4.8.1443/arm-gnu-toolchain/bin/../lib/gcc/arm-none-eabi/4.8.4/../../../../arm-none-eabi/lib/armv6-m\libc_s.a(lib_a-makebuf.o)
_kill                                             src/ASF/sam0/utils/syscalls/gcc/syscalls.o
_lseek                                            src/ASF/sam0/utils/syscalls/gcc/syscalls.o
                                                  c:/program files (x86)/atmel/atmel toolchain/arm gcc/native/4.8.1443/arm-gnu-toolchain/bin/../lib/gcc/arm-none-eabi/4.8.4/../../../../arm-none-eabi/lib/armv6-m\libc_s.a(lib_a-lseekr.o)
_lseek_r                                          c:/program files (x86)/atmel/atmel toolchain/arm gcc/native/4.8.1443/arm-gnu-toolchain/bin/../lib/gcc/arm-none-eabi/4.8.4/../../../../arm-none-eabi/lib/armv6-m\libc_s.a(lib_a-lseekr.o)
                                                  c:/program files (x86)/atmel/atmel toolchain/arm gcc/native/4.8.1443/arm-gnu-toolchain/bin/../lib/gcc/arm-none-eabi/4.8.4/../../../../arm-none-eabi/lib/armv6-m\libc_s.a(lib_a-stdio.o)
_mainCRTStartup                                   c:/program files (x86)/atmel/atmel toolchain/arm gcc/native/4.8.1443/arm-gnu-toolchain/bin/../lib/gcc/arm-none-eabi/4.8.4/../../../../arm-none-eabi/lib/armv6-m/crt0.o
_malloc_r                                         c:/program files (x86)/atmel/atmel toolchain/arm gcc/native/4.8.1443/arm-gnu-toolchain/bin/../lib/gcc/arm-none-eabi/4.8.4/../../../../arm-none-eabi/lib/armv6-m\libc_s.a(lib_a-nano-mallocr.o)
                                                  c:/program files (x86)/atmel/atmel toolchain/arm gcc/native/4.8.1443/arm-gnu-toolchain/bin/../lib/gcc/arm-none-eabi/4.8.4/../../../../arm-none-eabi/lib/armv6-m\libc_s.a(lib_a-nano-reallocr.o)
                                                  c:/program files (x86)/atmel/atmel toolchain/arm gcc/native/4.8.1443/arm-gnu-toolchain/bin/../lib/gcc/arm-none-eabi/4.8.4/../../../../arm-none-eabi/lib/armv6-m\libc_s.a(lib_a-makebuf.o)
                                                  c:/program files (x86)/atmel/atmel toolchain/arm gcc/native/4.8.1443/arm-gnu-toolchain/bin/../lib/gcc/arm-none-eabi/4.8.4/../../../../arm-none-eabi/lib/armv6-m\libc_s.a(lib_a-fvwrite.o)
                                                  c:/program files (x86)/atmel/atmel toolchain/arm gcc/native/4.8.1443/arm-gnu-toolchain/bin/../lib/gcc/arm-none-eabi/4.8.4/../../../../arm-none-eabi/lib/armv6-m\libc_s.a(lib_a-findfp.o)
_malloc_usable_size_r                             c:/program files (x86)/atmel/atmel toolchain/arm gcc/native/4.8.1443/arm-gnu-toolchain/bin/../lib/gcc/arm-none-eabi/4.8.4/../../../../arm-none-eabi/lib/armv6-m\libc_s.a(lib_a-nano-msizer.o)
                                                  c:/program files (x86)/atmel/atmel toolchain/arm gcc/native/4.8.1443/arm-gnu-toolchain/bin/../lib/gcc/arm-none-eabi/4.8.4/../../../../arm-none-eabi/lib/armv6-m\libc_s.a(lib_a-nano-reallocr.o)
_printf_common                                    c:/program files (x86)/atmel/atmel toolchain/arm gcc/native/4.8.1443/arm-gnu-toolchain/bin/../lib/gcc/arm-none-eabi/4.8.4/../../../../arm-none-eabi/lib/armv6-m\libc_s.a(lib_a-vfprintf_i.o)
_printf_float                                     c:/program files (x86)/atmel/atmel toolchain/arm gcc/native/4.8.1443/arm-gnu-toolchain/bin/../lib/gcc/arm-none-eabi/4.8.4/../../../../arm-none-eabi/lib/armv6-m\libc_s.a(lib_a-vfprintf.o)
_printf_i                                         c:/program files (x86)/atmel/atmel toolchain/arm gcc/native/4.8.1443/arm-gnu-toolchain/bin/../lib/gcc/arm-none-eabi/4.8.4/../../../../arm-none-eabi/lib/armv6-m\libc_s.a(lib_a-vfprintf_i.o)
                                                  c:/program files (x86)/atmel/atmel toolchain/arm gcc/native/4.8.1443/arm-gnu-toolchain/bin/../lib/gcc/arm-none-eabi/4.8.4/../../../../arm-none-eabi/lib/armv6-m\libc_s.a(lib_a-vfprintf.o)
_printf_r                                         c:/program files (x86)/atmel/atmel toolchain/arm gcc/native/4.8.1443/arm-gnu-toolchain/bin/../lib/gcc/arm-none-eabi/4.8.4/../../../../arm-none-eabi/lib/armv6-m\libc_s.a(lib_a-printf.o)
_read                                             c:/program files (x86)/atmel/atmel toolchain/arm gcc/native/4.8.1443/arm-gnu-toolchain/bin/../lib/gcc/arm-none-eabi/4.8.4/../../../../arm-none-eabi/lib/armv6-m\libc_s.a(lib_a-readr.o)
_read_r                                           c:/program files (x86)/atmel/atmel toolchain/arm gcc/native/4.8.1443/arm-gnu-toolchain/bin/../lib/gcc/arm-none-eabi/4.8.4/../../../../arm-none-eabi/lib/armv6-m\libc_s.a(lib_a-readr.o)
                                                  c:/program files (x86)/atmel/atmel toolchain/arm gcc/native/4.8.1443/arm-gnu-toolchain/bin/../lib/gcc/arm-none-eabi/4.8.4/../../../../arm-none-eabi/lib/armv6-m\libc_s.a(lib_a-stdio.o)
_realloc_r                                        c:/program files (x86)/atmel/atmel toolchain/arm gcc/native/4.8.1443/arm-gnu-toolchain/bin/../lib/gcc/arm-none-eabi/4.8.4/../../../../arm-none-eabi/lib/armv6-m\libc_s.a(lib_a-nano-reallocr.o)
                                                  c:/program files (x86)/atmel/atmel toolchain/arm gcc/native/4.8.1443/arm-gnu-toolchain/bin/../lib/gcc/arm-none-eabi/4.8.4/../../../../arm-none-eabi/lib/armv6-m\libc_s.a(lib_a-fvwrite.o)
_reclaim_reent                                    c:/program files (x86)/atmel/atmel toolchain/arm gcc/native/4.8.1443/arm-gnu-toolchain/bin/../lib/gcc/arm-none-eabi/4.8.4/../../../../arm-none-eabi/lib/armv6-m\libc_s.a(lib_a-reent.o)
_sbrk                                             src/ASF/sam0/utils/syscalls/gcc/syscalls.o
                                                  c:/program files (x86)/atmel/atmel toolchain/arm gcc/native/4.8.1443/arm-gnu-toolchain/bin/../lib/gcc/arm-none-eabi/4.8.4/../../../../arm-none-eabi/lib/armv6-m\libc_s.a(lib_a-sbrkr.o)
_sbrk_r                                           c:/program files (x86)/atmel/atmel toolchain/arm gcc/native/4.8.1443/arm-gnu-toolchain/bin/../lib/gcc/arm-none-eabi/4.8.4/../../../../arm-none-eabi/lib/armv6-m\libc_s.a(lib_a-sbrkr.o)
                                                  c:/program files (x86)/atmel/atmel toolchain/arm gcc/native/4.8.1443/arm-gnu-toolchain/bin/../lib/gcc/arm-none-eabi/4.8.4/../../../../arm-none-eabi/lib/armv6-m\libc_s.a(lib_a-nano-mallocr.o)
_sercom_get_async_baud_val                        src/ASF/sam0/drivers/sercom/sercom.o
_sercom_get_default_pad                           src/ASF/sam0/drivers/sercom/sercom.o
                                                  src/ASF/sam0/drivers/sercom/i2c/i2c_samd20/i2c_master.o
_sercom_get_sercom_inst_index                     src/ASF/sam0/drivers/sercom/sercom.o
                                                  src/ASF/sam0/drivers/sercom/i2c/i2c_samd20/i2c_master.o
_sercom_get_sync_baud_val                         src/ASF/sam0/drivers/sercom/sercom.o
_sfixed                                           src/ASF/sam0/utils/cmsis/samd20/source/gcc/startup_samd20.o
_srelocate                                        src/ASF/sam0/utils/cmsis/samd20/source/gcc/startup_samd20.o
_start                                            c:/program files (x86)/atmel/atmel toolchain/arm gcc/native/4.8.1443/arm-gnu-toolchain/bin/../lib/gcc/arm-none-eabi/4.8.4/../../../../arm-none-eabi/lib/armv6-m/crt0.o
_system_dummy_init                                src/ASF/sam0/drivers/system/system.o
_system_events_init                               src/ASF/sam0/drivers/system/system.o
_system_extint_init                               src/ASF/sam0/drivers/system/system.o
_szero                                            src/ASF/sam0/utils/cmsis/samd20/source/gcc/startup_samd20.o
_vfiprintf_r                                      c:/program files (x86)/atmel/atmel toolchain/arm gcc/native/4.8.1443/arm-gnu-toolchain/bin/../lib/gcc/arm-none-eabi/4.8.4/../../../../arm-none-eabi/lib/armv6-m\libc_s.a(lib_a-vfprintf.o)
_vfprintf_r                                       c:/program files (x86)/atmel/atmel toolchain/arm gcc/native/4.8.1443/arm-gnu-toolchain/bin/../lib/gcc/arm-none-eabi/4.8.4/../../../../arm-none-eabi/lib/armv6-m\libc_s.a(lib_a-vfprintf.o)
                                                  c:/program files (x86)/atmel/atmel toolchain/arm gcc/native/4.8.1443/arm-gnu-toolchain/bin/../lib/gcc/arm-none-eabi/4.8.4/../../../../arm-none-eabi/lib/armv6-m\libc_s.a(lib_a-printf.o)
_write                                            c:/program files (x86)/atmel/atmel toolchain/arm gcc/native/4.8.1443/arm-gnu-toolchain/bin/../lib/gcc/arm-none-eabi/4.8.4/../../../../arm-none-eabi/lib/armv6-m\libc_s.a(lib_a-writer.o)
_write_r                                          c:/program files (x86)/atmel/atmel toolchain/arm gcc/native/4.8.1443/arm-gnu-toolchain/bin/../lib/gcc/arm-none-eabi/4.8.4/../../../../arm-none-eabi/lib/armv6-m\libc_s.a(lib_a-writer.o)
                                                  c:/program files (x86)/atmel/atmel toolchain/arm gcc/native/4.8.1443/arm-gnu-toolchain/bin/../lib/gcc/arm-none-eabi/4.8.4/../../../../arm-none-eabi/lib/armv6-m\libc_s.a(lib_a-stdio.o)
atexit                                            c:/program files (x86)/atmel/atmel toolchain/arm gcc/native/4.8.1443/arm-gnu-toolchain/bin/../lib/gcc/arm-none-eabi/4.8.4/../../../../arm-none-eabi/lib/armv6-m/crt0.o
board_init                                        src/ASF/common2/boards/user_board/init.o
checkbusy                                         src/CharLCD.o
cleanup_glue                                      c:/program files (x86)/atmel/atmel toolchain/arm gcc/native/4.8.1443/arm-gnu-toolchain/bin/../lib/gcc/arm-none-eabi/4.8.4/../../../../arm-none-eabi/lib/armv6-m\libc_s.a(lib_a-reent.o)
configure_EEPROM                                  src/EEProm.o
cpu_irq_enter_critical                            src/ASF/common/utils/interrupt/interrupt_sam_nvic.o
                                                  src/ASF/sam0/drivers/system/clock/clock_samd20/gclk.o
cpu_irq_leave_critical                            src/ASF/common/utils/interrupt/interrupt_sam_nvic.o
                                                  src/ASF/sam0/drivers/system/clock/clock_samd20/gclk.o
delay_1ms                                         src/Delay.o
delay_1us                                         src/Delay.o
                                                  src/CharLCD.o
delay_ms                                          src/Delay.o
                                                  src/MatrixKeypad.o
                                                  src/EEProm.o
                                                  src/CharLCD.o
delay_sec                                         src/Delay.o
                                                  src/main.o
                                                  src/EEProm.o
delay_us                                          src/Delay.o
                                                  src/EEProm.o
digitalRead                                       src/S_PORT.o
                                                  src/MatrixKeypad.o
digitalWrite                                      src/S_PORT.o
errno                                             c:/program files (x86)/atmel/atmel toolchain/arm gcc/native/4.8.1443/arm-gnu-toolchain/bin/../lib/gcc/arm-none-eabi/4.8.4/../../../../arm-none-eabi/lib/armv6-m\libc_s.a(lib_a-reent.o)
                                                  c:/program files (x86)/atmel/atmel toolchain/arm gcc/native/4.8.1443/arm-gnu-toolchain/bin/../lib/gcc/arm-none-eabi/4.8.4/../../../../arm-none-eabi/lib/armv6-m\libc_s.a(lib_a-readr.o)
                                                  c:/program files (x86)/atmel/atmel toolchain/arm gcc/native/4.8.1443/arm-gnu-toolchain/bin/../lib/gcc/arm-none-eabi/4.8.4/../../../../arm-none-eabi/lib/armv6-m\libc_s.a(lib_a-lseekr.o)
                                                  c:/program files (x86)/atmel/atmel toolchain/arm gcc/native/4.8.1443/arm-gnu-toolchain/bin/../lib/gcc/arm-none-eabi/4.8.4/../../../../arm-none-eabi/lib/armv6-m\libc_s.a(lib_a-isattyr.o)
                                                  c:/program files (x86)/atmel/atmel toolchain/arm gcc/native/4.8.1443/arm-gnu-toolchain/bin/../lib/gcc/arm-none-eabi/4.8.4/../../../../arm-none-eabi/lib/armv6-m\libc_s.a(lib_a-fstatr.o)
                                                  c:/program files (x86)/atmel/atmel toolchain/arm gcc/native/4.8.1443/arm-gnu-toolchain/bin/../lib/gcc/arm-none-eabi/4.8.4/../../../../arm-none-eabi/lib/armv6-m\libc_s.a(lib_a-closer.o)
                                                  c:/program files (x86)/atmel/atmel toolchain/arm gcc/native/4.8.1443/arm-gnu-toolchain/bin/../lib/gcc/arm-none-eabi/4.8.4/../../../../arm-none-eabi/lib/armv6-m\libc_s.a(lib_a-writer.o)
                                                  c:/program files (x86)/atmel/atmel toolchain/arm gcc/native/4.8.1443/arm-gnu-toolchain/bin/../lib/gcc/arm-none-eabi/4.8.4/../../../../arm-none-eabi/lib/armv6-m\libc_s.a(lib_a-sbrkr.o)
exception_table                                   src/ASF/sam0/utils/cmsis/samd20/source/gcc/startup_samd20.o
exit                                              c:/program files (x86)/atmel/atmel toolchain/arm gcc/native/4.8.1443/arm-gnu-toolchain/bin/../lib/gcc/arm-none-eabi/4.8.4/../../../../arm-none-eabi/lib/armv6-m\libc_s.a(lib_a-exit.o)
                                                  c:/program files (x86)/atmel/atmel toolchain/arm gcc/native/4.8.1443/arm-gnu-toolchain/bin/../lib/gcc/arm-none-eabi/4.8.4/../../../../arm-none-eabi/lib/armv6-m/crt0.o
fflush                                            c:/program files (x86)/atmel/atmel toolchain/arm gcc/native/4.8.1443/arm-gnu-toolchain/bin/../lib/gcc/arm-none-eabi/4.8.4/../../../../arm-none-eabi/lib/armv6-m\libc_s.a(lib_a-fflush.o)
g_interrupt_enabled                               src/ASF/common/utils/interrupt/interrupt_sam_nvic.o
hardware_init_hook                                c:/program files (x86)/atmel/atmel toolchain/arm gcc/native/4.8.1443/arm-gnu-toolchain/bin/../lib/gcc/arm-none-eabi/4.8.4/../../../../arm-none-eabi/lib/armv6-m/crt0.o
i2c_master_init                                   src/ASF/sam0/drivers/sercom/i2c/i2c_samd20/i2c_master.o
                                                  src/EEProm.o
i2c_master_instance                               src/main.o
                                                  src/EEProm.o
i2c_master_read_packet_wait                       src/ASF/sam0/drivers/sercom/i2c/i2c_samd20/i2c_master.o
i2c_master_read_packet_wait_no_stop               src/ASF/sam0/drivers/sercom/i2c/i2c_samd20/i2c_master.o
i2c_master_reset                                  src/ASF/sam0/drivers/sercom/i2c/i2c_samd20/i2c_master.o
i2c_master_send_stop                              src/ASF/sam0/drivers/sercom/i2c/i2c_samd20/i2c_master.o
i2c_master_write_packet_wait                      src/ASF/sam0/drivers/sercom/i2c/i2c_samd20/i2c_master.o
i2c_master_write_packet_wait_no_stop              src/ASF/sam0/drivers/sercom/i2c/i2c_samd20/i2c_master.o
iprintf                                           c:/program files (x86)/atmel/atmel toolchain/arm gcc/native/4.8.1443/arm-gnu-toolchain/bin/../lib/gcc/arm-none-eabi/4.8.4/../../../../arm-none-eabi/lib/armv6-m\libc_s.a(lib_a-printf.o)
link                                              src/ASF/sam0/utils/syscalls/gcc/syscalls.o
main                                              src/main.o
                                                  src/ASF/sam0/utils/cmsis/samd20/source/gcc/startup_samd20.o
                                                  c:/program files (x86)/atmel/atmel toolchain/arm gcc/native/4.8.1443/arm-gnu-toolchain/bin/../lib/gcc/arm-none-eabi/4.8.4/../../../../arm-none-eabi/lib/armv6-m/crt0.o
memchr                                            c:/program files (x86)/atmel/atmel toolchain/arm gcc/native/4.8.1443/arm-gnu-toolchain/bin/../lib/gcc/arm-none-eabi/4.8.4/../../../../arm-none-eabi/lib/armv6-m\libc_s.a(lib_a-memchr-stub.o)
                                                  c:/program files (x86)/atmel/atmel toolchain/arm gcc/native/4.8.1443/arm-gnu-toolchain/bin/../lib/gcc/arm-none-eabi/4.8.4/../../../../arm-none-eabi/lib/armv6-m\libc_s.a(lib_a-fvwrite.o)
                                                  c:/program files (x86)/atmel/atmel toolchain/arm gcc/native/4.8.1443/arm-gnu-toolchain/bin/../lib/gcc/arm-none-eabi/4.8.4/../../../../arm-none-eabi/lib/armv6-m\libc_s.a(lib_a-vfprintf.o)
memcpy                                            c:/program files (x86)/atmel/atmel toolchain/arm gcc/native/4.8.1443/arm-gnu-toolchain/bin/../lib/gcc/arm-none-eabi/4.8.4/../../../../arm-none-eabi/lib/armv6-m\libc_s.a(lib_a-memcpy-stub.o)
                                                  c:/program files (x86)/atmel/atmel toolchain/arm gcc/native/4.8.1443/arm-gnu-toolchain/bin/../lib/gcc/arm-none-eabi/4.8.4/../../../../arm-none-eabi/lib/armv6-m\libc_s.a(lib_a-nano-reallocr.o)
                                                  c:/program files (x86)/atmel/atmel toolchain/arm gcc/native/4.8.1443/arm-gnu-toolchain/bin/../lib/gcc/arm-none-eabi/4.8.4/../../../../arm-none-eabi/lib/armv6-m\libc_s.a(lib_a-fvwrite.o)
memmove                                           c:/program files (x86)/atmel/atmel toolchain/arm gcc/native/4.8.1443/arm-gnu-toolchain/bin/../lib/gcc/arm-none-eabi/4.8.4/../../../../arm-none-eabi/lib/armv6-m\libc_s.a(lib_a-memmove.o)
                                                  c:/program files (x86)/atmel/atmel toolchain/arm gcc/native/4.8.1443/arm-gnu-toolchain/bin/../lib/gcc/arm-none-eabi/4.8.4/../../../../arm-none-eabi/lib/armv6-m\libc_s.a(lib_a-fvwrite.o)
memset                                            c:/program files (x86)/atmel/atmel toolchain/arm gcc/native/4.8.1443/arm-gnu-toolchain/bin/../lib/gcc/arm-none-eabi/4.8.4/../../../../arm-none-eabi/lib/armv6-m\libc_s.a(lib_a-memset.o)
                                                  c:/program files (x86)/atmel/atmel toolchain/arm gcc/native/4.8.1443/arm-gnu-toolchain/bin/../lib/gcc/arm-none-eabi/4.8.4/../../../../arm-none-eabi/lib/armv6-m\libc_s.a(lib_a-findfp.o)
                                                  c:/program files (x86)/atmel/atmel toolchain/arm gcc/native/4.8.1443/arm-gnu-toolchain/bin/../lib/gcc/arm-none-eabi/4.8.4/../../../../arm-none-eabi/lib/armv6-m/crt0.o
pinMode                                           src/S_PORT.o
                                                  src/main.o
                                                  src/MatrixKeypad.o
                                                  src/EEProm.o
                                                  src/CharLCD.o
pinMux                                            src/S_PORT.o
                                                  src/S_SPI.o
                                                  src/EEProm.o
printf                                            c:/program files (x86)/atmel/atmel toolchain/arm gcc/native/4.8.1443/arm-gnu-toolchain/bin/../lib/gcc/arm-none-eabi/4.8.4/../../../../arm-none-eabi/lib/armv6-m\libc_s.a(lib_a-printf.o)
                                                  src/ASF/sam0/utils/syscalls/gcc/syscalls.o
sercom_set_gclk_generator                         src/ASF/sam0/drivers/sercom/sercom.o
                                                  src/ASF/sam0/drivers/sercom/i2c/i2c_samd20/i2c_master.o
software_init_hook                                c:/program files (x86)/atmel/atmel toolchain/arm gcc/native/4.8.1443/arm-gnu-toolchain/bin/../lib/gcc/arm-none-eabi/4.8.4/../../../../arm-none-eabi/lib/armv6-m/crt0.o
strlen                                            c:/program files (x86)/atmel/atmel toolchain/arm gcc/native/4.8.1443/arm-gnu-toolchain/bin/../lib/gcc/arm-none-eabi/4.8.4/../../../../arm-none-eabi/lib/armv6-m\libc_s.a(lib_a-strlen.o)
                                                  c:/program files (x86)/atmel/atmel toolchain/arm gcc/native/4.8.1443/arm-gnu-toolchain/bin/../lib/gcc/arm-none-eabi/4.8.4/../../../../arm-none-eabi/lib/armv6-m\libc_s.a(lib_a-vfprintf_i.o)
system_board_init                                 src/ASF/common2/boards/user_board/init.o
system_clock_init                                 src/ASF/sam0/drivers/system/clock/clock_samd20/clock.o
system_clock_source_dfll_set_config               src/ASF/sam0/drivers/system/clock/clock_samd20/clock.o
system_clock_source_disable                       src/ASF/sam0/drivers/system/clock/clock_samd20/clock.o
system_clock_source_enable                        src/ASF/sam0/drivers/system/clock/clock_samd20/clock.o
system_clock_source_get_hz                        src/ASF/sam0/drivers/system/clock/clock_samd20/clock.o
                                                  src/ASF/sam0/drivers/system/clock/clock_samd20/gclk.o
system_clock_source_is_ready                      src/ASF/sam0/drivers/system/clock/clock_samd20/clock.o
system_clock_source_osc32k_set_config             src/ASF/sam0/drivers/system/clock/clock_samd20/clock.o
system_clock_source_osc8m_set_config              src/ASF/sam0/drivers/system/clock/clock_samd20/clock.o
system_clock_source_write_calibration             src/ASF/sam0/drivers/system/clock/clock_samd20/clock.o
system_clock_source_xosc32k_set_config            src/ASF/sam0/drivers/system/clock/clock_samd20/clock.o
system_clock_source_xosc_set_config               src/ASF/sam0/drivers/system/clock/clock_samd20/clock.o
system_gclk_chan_disable                          src/ASF/sam0/drivers/system/clock/clock_samd20/gclk.o
system_gclk_chan_enable                           src/ASF/sam0/drivers/system/clock/clock_samd20/gclk.o
                                                  src/ASF/sam0/drivers/system/clock/clock_samd20/clock.o
                                                  src/ASF/sam0/drivers/sercom/sercom.o
                                                  src/ASF/sam0/drivers/sercom/i2c/i2c_samd20/i2c_master.o
system_gclk_chan_get_hz                           src/ASF/sam0/drivers/system/clock/clock_samd20/gclk.o
                                                  src/ASF/sam0/drivers/system/clock/clock_samd20/clock.o
                                                  src/ASF/sam0/drivers/sercom/i2c/i2c_samd20/i2c_master.o
system_gclk_chan_is_enabled                       src/ASF/sam0/drivers/system/clock/clock_samd20/gclk.o
system_gclk_chan_is_locked                        src/ASF/sam0/drivers/system/clock/clock_samd20/gclk.o
system_gclk_chan_lock                             src/ASF/sam0/drivers/system/clock/clock_samd20/gclk.o
system_gclk_chan_set_config                       src/ASF/sam0/drivers/system/clock/clock_samd20/gclk.o
                                                  src/ASF/sam0/drivers/system/clock/clock_samd20/clock.o
                                                  src/ASF/sam0/drivers/sercom/sercom.o
                                                  src/ASF/sam0/drivers/sercom/i2c/i2c_samd20/i2c_master.o
system_gclk_gen_disable                           src/ASF/sam0/drivers/system/clock/clock_samd20/gclk.o
system_gclk_gen_enable                            src/ASF/sam0/drivers/system/clock/clock_samd20/gclk.o
                                                  src/ASF/sam0/drivers/system/clock/clock_samd20/clock.o
system_gclk_gen_get_hz                            src/ASF/sam0/drivers/system/clock/clock_samd20/gclk.o
system_gclk_gen_is_enabled                        src/ASF/sam0/drivers/system/clock/clock_samd20/gclk.o
system_gclk_gen_set_config                        src/ASF/sam0/drivers/system/clock/clock_samd20/gclk.o
                                                  src/ASF/sam0/drivers/system/clock/clock_samd20/clock.o
system_gclk_init                                  src/ASF/sam0/drivers/system/clock/clock_samd20/gclk.o
                                                  src/ASF/sam0/drivers/system/clock/clock_samd20/clock.o
system_init                                       src/ASF/sam0/drivers/system/system.o
                                                  src/main.o
system_interrupt_clear_pending                    src/ASF/sam0/drivers/system/interrupt/system_interrupt.o
system_interrupt_get_priority                     src/ASF/sam0/drivers/system/interrupt/system_interrupt.o
system_interrupt_is_pending                       src/ASF/sam0/drivers/system/interrupt/system_interrupt.o
system_interrupt_set_pending                      src/ASF/sam0/drivers/system/interrupt/system_interrupt.o
system_interrupt_set_priority                     src/ASF/sam0/drivers/system/interrupt/system_interrupt.o
system_pinmux_group_set_config                    src/ASF/sam0/drivers/system/pinmux/pinmux.o
system_pinmux_group_set_input_sample_mode         src/ASF/sam0/drivers/system/pinmux/pinmux.o
system_pinmux_pin_set_config                      src/ASF/sam0/drivers/system/pinmux/pinmux.o
                                                  src/ASF/sam0/drivers/sercom/i2c/i2c_samd20/i2c_master.o
vfiprintf                                         c:/program files (x86)/atmel/atmel toolchain/arm gcc/native/4.8.1443/arm-gnu-toolchain/bin/../lib/gcc/arm-none-eabi/4.8.4/../../../../arm-none-eabi/lib/armv6-m\libc_s.a(lib_a-vfprintf.o)
vfprintf                                          c:/program files (x86)/atmel/atmel toolchain/arm gcc/native/4.8.1443/arm-gnu-toolchain/bin/../lib/gcc/arm-none-eabi/4.8.4/../../../../arm-none-eabi/lib/armv6-m\libc_s.a(lib_a-vfprintf.o)
